[0.013s] Invoking command in '/home/hdm/tracker_plus_ttttt/tracker_plus/build/rm_auto_aim': AMENT_PREFIX_PATH=/home/hdm/tracker_plus_ttttt/tracker_plus/install/armor_tracker:/home/hdm/tracker_plus_ttttt/tracker_plus/install/armor_executor:/home/hdm/tracker_plus_ttttt/tracker_plus/install/armor_detector:/home/hdm/tracker_plus_ttttt/tracker_plus/install/auto_aim_interfaces:${AMENT_PREFIX_PATH} CMAKE_PREFIX_PATH=/home/hdm/tracker_plus_ttttt/tracker_plus/install/armor_tracker:/home/hdm/tracker_plus_ttttt/tracker_plus/install/armor_executor:/home/hdm/tracker_plus_ttttt/tracker_plus/install/armor_detector:/home/hdm/tracker_plus_ttttt/tracker_plus/install/auto_aim_interfaces:/opt/ros/humble LD_LIBRARY_PATH=/home/hdm/tracker_plus_ttttt/tracker_plus/install/armor_tracker/lib:/home/hdm/tracker_plus_ttttt/tracker_plus/install/armor_executor/lib:/home/hdm/tracker_plus_ttttt/tracker_plus/install/armor_detector/lib:/home/hdm/tracker_plus_ttttt/tracker_plus/install/auto_aim_interfaces/lib:${LD_LIBRARY_PATH} PYTHONPATH=/home/hdm/tracker_plus_ttttt/tracker_plus/install/auto_aim_interfaces/local/lib/python3.10/dist-packages:${PYTHONPATH} /usr/bin/cmake /home/hdm/tracker_plus_ttttt/tracker_plus/src/rm_auto_aim/rm_auto_aim -DAMENT_CMAKE_SYMLINK_INSTALL=1 -DCMAKE_INSTALL_PREFIX=/home/hdm/tracker_plus_ttttt/tracker_plus/install/rm_auto_aim
[0.053s] -- The C compiler identification is GNU 11.4.0
[0.093s] -- The CXX compiler identification is GNU 11.4.0
[0.097s] -- Detecting C compiler ABI info
[0.144s] -- Detecting C compiler ABI info - done
[0.148s] -- Check for working C compiler: /usr/bin/cc - skipped
[0.148s] -- Detecting C compile features
[0.148s] -- Detecting C compile features - done
[0.150s] -- Detecting CXX compiler ABI info
[0.203s] -- Detecting CXX compiler ABI info - done
[0.208s] -- Check for working CXX compiler: /usr/bin/c++ - skipped
[0.208s] -- Detecting CXX compile features
[0.208s] -- Detecting CXX compile features - done
[0.209s] -- Found ament_cmake_auto: 1.3.11 (/opt/ros/humble/share/ament_cmake_auto/cmake)
[0.330s] -- Found Python3: /usr/bin/python3 (found version "3.10.12") found components: Interpreter 
[0.367s] -- Override CMake install command with custom implementation using symlinks instead of copying resources
[0.384s] -- Found ament_lint_auto: 0.12.11 (/opt/ros/humble/share/ament_lint_auto/cmake)
[0.432s] -- Added test 'lint_cmake' to check CMake code style
[0.432s] -- Added test 'xmllint' to check XML markup files
[0.433s] -- Configuring done
[0.435s] -- Generating done
[0.436s] -- Build files have been written to: /home/hdm/tracker_plus_ttttt/tracker_plus/build/rm_auto_aim
[0.439s] Invoked command in '/home/hdm/tracker_plus_ttttt/tracker_plus/build/rm_auto_aim' returned '0': AMENT_PREFIX_PATH=/home/hdm/tracker_plus_ttttt/tracker_plus/install/armor_tracker:/home/hdm/tracker_plus_ttttt/tracker_plus/install/armor_executor:/home/hdm/tracker_plus_ttttt/tracker_plus/install/armor_detector:/home/hdm/tracker_plus_ttttt/tracker_plus/install/auto_aim_interfaces:${AMENT_PREFIX_PATH} CMAKE_PREFIX_PATH=/home/hdm/tracker_plus_ttttt/tracker_plus/install/armor_tracker:/home/hdm/tracker_plus_ttttt/tracker_plus/install/armor_executor:/home/hdm/tracker_plus_ttttt/tracker_plus/install/armor_detector:/home/hdm/tracker_plus_ttttt/tracker_plus/install/auto_aim_interfaces:/opt/ros/humble LD_LIBRARY_PATH=/home/hdm/tracker_plus_ttttt/tracker_plus/install/armor_tracker/lib:/home/hdm/tracker_plus_ttttt/tracker_plus/install/armor_executor/lib:/home/hdm/tracker_plus_ttttt/tracker_plus/install/armor_detector/lib:/home/hdm/tracker_plus_ttttt/tracker_plus/install/auto_aim_interfaces/lib:${LD_LIBRARY_PATH} PYTHONPATH=/home/hdm/tracker_plus_ttttt/tracker_plus/install/auto_aim_interfaces/local/lib/python3.10/dist-packages:${PYTHONPATH} /usr/bin/cmake /home/hdm/tracker_plus_ttttt/tracker_plus/src/rm_auto_aim/rm_auto_aim -DAMENT_CMAKE_SYMLINK_INSTALL=1 -DCMAKE_INSTALL_PREFIX=/home/hdm/tracker_plus_ttttt/tracker_plus/install/rm_auto_aim
[0.440s] Invoking command in '/home/hdm/tracker_plus_ttttt/tracker_plus/build/rm_auto_aim': AMENT_PREFIX_PATH=/home/hdm/tracker_plus_ttttt/tracker_plus/install/armor_tracker:/home/hdm/tracker_plus_ttttt/tracker_plus/install/armor_executor:/home/hdm/tracker_plus_ttttt/tracker_plus/install/armor_detector:/home/hdm/tracker_plus_ttttt/tracker_plus/install/auto_aim_interfaces:${AMENT_PREFIX_PATH} CMAKE_PREFIX_PATH=/home/hdm/tracker_plus_ttttt/tracker_plus/install/armor_tracker:/home/hdm/tracker_plus_ttttt/tracker_plus/install/armor_executor:/home/hdm/tracker_plus_ttttt/tracker_plus/install/armor_detector:/home/hdm/tracker_plus_ttttt/tracker_plus/install/auto_aim_interfaces:/opt/ros/humble LD_LIBRARY_PATH=/home/hdm/tracker_plus_ttttt/tracker_plus/install/armor_tracker/lib:/home/hdm/tracker_plus_ttttt/tracker_plus/install/armor_executor/lib:/home/hdm/tracker_plus_ttttt/tracker_plus/install/armor_detector/lib:/home/hdm/tracker_plus_ttttt/tracker_plus/install/auto_aim_interfaces/lib:${LD_LIBRARY_PATH} PYTHONPATH=/home/hdm/tracker_plus_ttttt/tracker_plus/install/auto_aim_interfaces/local/lib/python3.10/dist-packages:${PYTHONPATH} /usr/bin/cmake --build /home/hdm/tracker_plus_ttttt/tracker_plus/build/rm_auto_aim -- -j24 -l24
[0.469s] Invoked command in '/home/hdm/tracker_plus_ttttt/tracker_plus/build/rm_auto_aim' returned '0': AMENT_PREFIX_PATH=/home/hdm/tracker_plus_ttttt/tracker_plus/install/armor_tracker:/home/hdm/tracker_plus_ttttt/tracker_plus/install/armor_executor:/home/hdm/tracker_plus_ttttt/tracker_plus/install/armor_detector:/home/hdm/tracker_plus_ttttt/tracker_plus/install/auto_aim_interfaces:${AMENT_PREFIX_PATH} CMAKE_PREFIX_PATH=/home/hdm/tracker_plus_ttttt/tracker_plus/install/armor_tracker:/home/hdm/tracker_plus_ttttt/tracker_plus/install/armor_executor:/home/hdm/tracker_plus_ttttt/tracker_plus/install/armor_detector:/home/hdm/tracker_plus_ttttt/tracker_plus/install/auto_aim_interfaces:/opt/ros/humble LD_LIBRARY_PATH=/home/hdm/tracker_plus_ttttt/tracker_plus/install/armor_tracker/lib:/home/hdm/tracker_plus_ttttt/tracker_plus/install/armor_executor/lib:/home/hdm/tracker_plus_ttttt/tracker_plus/install/armor_detector/lib:/home/hdm/tracker_plus_ttttt/tracker_plus/install/auto_aim_interfaces/lib:${LD_LIBRARY_PATH} PYTHONPATH=/home/hdm/tracker_plus_ttttt/tracker_plus/install/auto_aim_interfaces/local/lib/python3.10/dist-packages:${PYTHONPATH} /usr/bin/cmake --build /home/hdm/tracker_plus_ttttt/tracker_plus/build/rm_auto_aim -- -j24 -l24
[0.470s] Invoking command in '/home/hdm/tracker_plus_ttttt/tracker_plus/build/rm_auto_aim': AMENT_PREFIX_PATH=/home/hdm/tracker_plus_ttttt/tracker_plus/install/armor_tracker:/home/hdm/tracker_plus_ttttt/tracker_plus/install/armor_executor:/home/hdm/tracker_plus_ttttt/tracker_plus/install/armor_detector:/home/hdm/tracker_plus_ttttt/tracker_plus/install/auto_aim_interfaces:${AMENT_PREFIX_PATH} CMAKE_PREFIX_PATH=/home/hdm/tracker_plus_ttttt/tracker_plus/install/armor_tracker:/home/hdm/tracker_plus_ttttt/tracker_plus/install/armor_executor:/home/hdm/tracker_plus_ttttt/tracker_plus/install/armor_detector:/home/hdm/tracker_plus_ttttt/tracker_plus/install/auto_aim_interfaces:/opt/ros/humble LD_LIBRARY_PATH=/home/hdm/tracker_plus_ttttt/tracker_plus/install/armor_tracker/lib:/home/hdm/tracker_plus_ttttt/tracker_plus/install/armor_executor/lib:/home/hdm/tracker_plus_ttttt/tracker_plus/install/armor_detector/lib:/home/hdm/tracker_plus_ttttt/tracker_plus/install/auto_aim_interfaces/lib:${LD_LIBRARY_PATH} PYTHONPATH=/home/hdm/tracker_plus_ttttt/tracker_plus/install/auto_aim_interfaces/local/lib/python3.10/dist-packages:${PYTHONPATH} /usr/bin/cmake --install /home/hdm/tracker_plus_ttttt/tracker_plus/build/rm_auto_aim
[0.477s] -- Install configuration: ""
[0.477s] -- Execute custom install script
[0.478s] -- Symlinking: /home/hdm/tracker_plus_ttttt/tracker_plus/install/rm_auto_aim/share/ament_index/resource_index/package_run_dependencies/rm_auto_aim
[0.485s] -- Symlinking: /home/hdm/tracker_plus_ttttt/tracker_plus/install/rm_auto_aim/share/ament_index/resource_index/parent_prefix_path/rm_auto_aim
[0.492s] -- Symlinking: /home/hdm/tracker_plus_ttttt/tracker_plus/install/rm_auto_aim/share/rm_auto_aim/environment/ament_prefix_path.sh
[0.498s] -- Symlinking: /home/hdm/tracker_plus_ttttt/tracker_plus/install/rm_auto_aim/share/rm_auto_aim/environment/ament_prefix_path.dsv
[0.504s] -- Symlinking: /home/hdm/tracker_plus_ttttt/tracker_plus/install/rm_auto_aim/share/rm_auto_aim/environment/path.sh
[0.509s] -- Symlinking: /home/hdm/tracker_plus_ttttt/tracker_plus/install/rm_auto_aim/share/rm_auto_aim/environment/path.dsv
[0.514s] -- Symlinking: /home/hdm/tracker_plus_ttttt/tracker_plus/install/rm_auto_aim/share/rm_auto_aim/local_setup.bash
[0.521s] -- Symlinking: /home/hdm/tracker_plus_ttttt/tracker_plus/install/rm_auto_aim/share/rm_auto_aim/local_setup.sh
[0.528s] -- Symlinking: /home/hdm/tracker_plus_ttttt/tracker_plus/install/rm_auto_aim/share/rm_auto_aim/local_setup.zsh
[0.534s] -- Symlinking: /home/hdm/tracker_plus_ttttt/tracker_plus/install/rm_auto_aim/share/rm_auto_aim/local_setup.dsv
[0.539s] -- Symlinking: /home/hdm/tracker_plus_ttttt/tracker_plus/install/rm_auto_aim/share/rm_auto_aim/package.dsv
[0.544s] -- Symlinking: /home/hdm/tracker_plus_ttttt/tracker_plus/install/rm_auto_aim/share/ament_index/resource_index/packages/rm_auto_aim
[0.549s] -- Symlinking: /home/hdm/tracker_plus_ttttt/tracker_plus/install/rm_auto_aim/share/rm_auto_aim/cmake/rm_auto_aimConfig.cmake
[0.554s] -- Symlinking: /home/hdm/tracker_plus_ttttt/tracker_plus/install/rm_auto_aim/share/rm_auto_aim/cmake/rm_auto_aimConfig-version.cmake
[0.559s] -- Symlinking: /home/hdm/tracker_plus_ttttt/tracker_plus/install/rm_auto_aim/share/rm_auto_aim/package.xml
[0.566s] Invoked command in '/home/hdm/tracker_plus_ttttt/tracker_plus/build/rm_auto_aim' returned '0': AMENT_PREFIX_PATH=/home/hdm/tracker_plus_ttttt/tracker_plus/install/armor_tracker:/home/hdm/tracker_plus_ttttt/tracker_plus/install/armor_executor:/home/hdm/tracker_plus_ttttt/tracker_plus/install/armor_detector:/home/hdm/tracker_plus_ttttt/tracker_plus/install/auto_aim_interfaces:${AMENT_PREFIX_PATH} CMAKE_PREFIX_PATH=/home/hdm/tracker_plus_ttttt/tracker_plus/install/armor_tracker:/home/hdm/tracker_plus_ttttt/tracker_plus/install/armor_executor:/home/hdm/tracker_plus_ttttt/tracker_plus/install/armor_detector:/home/hdm/tracker_plus_ttttt/tracker_plus/install/auto_aim_interfaces:/opt/ros/humble LD_LIBRARY_PATH=/home/hdm/tracker_plus_ttttt/tracker_plus/install/armor_tracker/lib:/home/hdm/tracker_plus_ttttt/tracker_plus/install/armor_executor/lib:/home/hdm/tracker_plus_ttttt/tracker_plus/install/armor_detector/lib:/home/hdm/tracker_plus_ttttt/tracker_plus/install/auto_aim_interfaces/lib:${LD_LIBRARY_PATH} PYTHONPATH=/home/hdm/tracker_plus_ttttt/tracker_plus/install/auto_aim_interfaces/local/lib/python3.10/dist-packages:${PYTHONPATH} /usr/bin/cmake --install /home/hdm/tracker_plus_ttttt/tracker_plus/build/rm_auto_aim
