[0.015s] Invoking command in '/home/hdm/tracker_plus_ttttt/tracker_plus/build/rm_serial_driver': AMENT_PREFIX_PATH=/home/hdm/tracker_plus_ttttt/tracker_plus/install/buff_interfaces:/home/hdm/tracker_plus_ttttt/tracker_plus/install/auto_aim_interfaces:${AMENT_PREFIX_PATH} CMAKE_PREFIX_PATH=/home/hdm/tracker_plus_ttttt/tracker_plus/install/buff_interfaces:/home/hdm/tracker_plus_ttttt/tracker_plus/install/auto_aim_interfaces:/opt/ros/humble LD_LIBRARY_PATH=/home/hdm/tracker_plus_ttttt/tracker_plus/install/buff_interfaces/lib:/home/hdm/tracker_plus_ttttt/tracker_plus/install/auto_aim_interfaces/lib:${LD_LIBRARY_PATH} PYTHONPATH=/home/hdm/tracker_plus_ttttt/tracker_plus/install/buff_interfaces/local/lib/python3.10/dist-packages:/home/hdm/tracker_plus_ttttt/tracker_plus/install/auto_aim_interfaces/local/lib/python3.10/dist-packages:${PYTHONPATH} /usr/bin/cmake /home/hdm/tracker_plus_ttttt/tracker_plus/src/rm_serial_driver -DAMENT_CMAKE_SYMLINK_INSTALL=1 -DCMAKE_INSTALL_PREFIX=/home/hdm/tracker_plus_ttttt/tracker_plus/install/rm_serial_driver
[0.072s] -- The C compiler identification is GNU 11.4.0
[0.133s] -- The CXX compiler identification is GNU 11.4.0
[0.144s] -- Detecting C compiler ABI info
[0.227s] -- Detecting C compiler ABI info - done
[0.235s] -- Check for working C compiler: /usr/bin/cc - skipped
[0.235s] -- Detecting C compile features
[0.235s] -- Detecting C compile features - done
[0.238s] -- Detecting CXX compiler ABI info
[0.316s] -- Detecting CXX compiler ABI info - done
[0.324s] -- Check for working CXX compiler: /usr/bin/c++ - skipped
[0.324s] -- Detecting CXX compile features
[0.325s] -- Detecting CXX compile features - done
[0.327s] -- Found ament_cmake_auto: 1.3.11 (/opt/ros/humble/share/ament_cmake_auto/cmake)
[0.534s] -- Found Python3: /usr/bin/python3 (found version "3.10.12") found components: Interpreter 
[0.611s] -- Override CMake install command with custom implementation using symlinks instead of copying resources
[0.742s] -- Found rosidl_generator_c: 3.1.6 (/opt/ros/humble/share/rosidl_generator_c/cmake)
[0.746s] -- Found rosidl_adapter: 3.1.6 (/opt/ros/humble/share/rosidl_adapter/cmake)
[0.754s] -- Found rosidl_generator_cpp: 3.1.6 (/opt/ros/humble/share/rosidl_generator_cpp/cmake)
[0.766s] -- Using all available rosidl_typesupport_c: rosidl_typesupport_fastrtps_c;rosidl_typesupport_introspection_c
[0.781s] -- Using all available rosidl_typesupport_cpp: rosidl_typesupport_fastrtps_cpp;rosidl_typesupport_introspection_cpp
[0.821s] -- Found rmw_implementation_cmake: 6.1.2 (/opt/ros/humble/share/rmw_implementation_cmake/cmake)
[0.824s] -- Found rmw_fastrtps_cpp: 6.2.7 (/opt/ros/humble/share/rmw_fastrtps_cpp/cmake)
[0.917s] -- Found OpenSSL: /usr/lib/x86_64-linux-gnu/libcrypto.so (found version "3.0.2")  
[0.949s] -- Found FastRTPS: /opt/ros/humble/include  
[1.007s] -- Using RMW implementation 'rmw_fastrtps_cpp' as default
[1.021s] -- Looking for pthread.h
[1.097s] -- Looking for pthread.h - found
[1.098s] -- Performing Test CMAKE_HAVE_LIBC_PTHREAD
[1.173s] -- Performing Test CMAKE_HAVE_LIBC_PTHREAD - Success
[1.175s] -- Found Threads: TRUE  
[1.274s] -- Found asio_cmake_module: 1.2.0 (/opt/ros/humble/share/asio_cmake_module/cmake)
[1.275s] -- Found ASIO: /usr/include  
[1.396s] -- Found eigen3_cmake_module: 0.1.1 (/opt/ros/humble/share/eigen3_cmake_module/cmake)
[1.398s] -- Found Eigen3: TRUE (found version "3.3.7") 
[1.398s] -- Ensuring Eigen3 include directory is part of orocos-kdl CMake target
[1.486s] -- Found ament_lint_auto: 0.12.11 (/opt/ros/humble/share/ament_lint_auto/cmake)
[1.510s] -- Added test 'cppcheck' to perform static code analysis on C / C++ code
[1.511s] -- Configured cppcheck include dirs: /home/hdm/tracker_plus_ttttt/tracker_plus/src/rm_serial_driver/include
[1.511s] -- Configured cppcheck exclude dirs and/or files: 
[1.511s] -- Added test 'cpplint' to check C / C++ code against the Google style
[1.511s] -- Configured cpplint exclude dirs and/or files: 
[1.512s] -- Added test 'flake8' to check Python code syntax and style conventions
[1.513s] -- Added test 'lint_cmake' to check CMake code style
[1.513s] -- Added test 'pep257' to check Python code against some of the docstring style conventions in PEP 257
[1.513s] -- Added test 'xmllint' to check XML markup files
[1.514s] -- Added test 'clang_format' to check C / C++ code style
[1.517s] -- Configuring done
[1.553s] -- Generating done
[1.563s] -- Build files have been written to: /home/hdm/tracker_plus_ttttt/tracker_plus/build/rm_serial_driver
[1.577s] Invoked command in '/home/hdm/tracker_plus_ttttt/tracker_plus/build/rm_serial_driver' returned '0': AMENT_PREFIX_PATH=/home/hdm/tracker_plus_ttttt/tracker_plus/install/buff_interfaces:/home/hdm/tracker_plus_ttttt/tracker_plus/install/auto_aim_interfaces:${AMENT_PREFIX_PATH} CMAKE_PREFIX_PATH=/home/hdm/tracker_plus_ttttt/tracker_plus/install/buff_interfaces:/home/hdm/tracker_plus_ttttt/tracker_plus/install/auto_aim_interfaces:/opt/ros/humble LD_LIBRARY_PATH=/home/hdm/tracker_plus_ttttt/tracker_plus/install/buff_interfaces/lib:/home/hdm/tracker_plus_ttttt/tracker_plus/install/auto_aim_interfaces/lib:${LD_LIBRARY_PATH} PYTHONPATH=/home/hdm/tracker_plus_ttttt/tracker_plus/install/buff_interfaces/local/lib/python3.10/dist-packages:/home/hdm/tracker_plus_ttttt/tracker_plus/install/auto_aim_interfaces/local/lib/python3.10/dist-packages:${PYTHONPATH} /usr/bin/cmake /home/hdm/tracker_plus_ttttt/tracker_plus/src/rm_serial_driver -DAMENT_CMAKE_SYMLINK_INSTALL=1 -DCMAKE_INSTALL_PREFIX=/home/hdm/tracker_plus_ttttt/tracker_plus/install/rm_serial_driver
[1.579s] Invoking command in '/home/hdm/tracker_plus_ttttt/tracker_plus/build/rm_serial_driver': AMENT_PREFIX_PATH=/home/hdm/tracker_plus_ttttt/tracker_plus/install/buff_interfaces:/home/hdm/tracker_plus_ttttt/tracker_plus/install/auto_aim_interfaces:${AMENT_PREFIX_PATH} CMAKE_PREFIX_PATH=/home/hdm/tracker_plus_ttttt/tracker_plus/install/buff_interfaces:/home/hdm/tracker_plus_ttttt/tracker_plus/install/auto_aim_interfaces:/opt/ros/humble LD_LIBRARY_PATH=/home/hdm/tracker_plus_ttttt/tracker_plus/install/buff_interfaces/lib:/home/hdm/tracker_plus_ttttt/tracker_plus/install/auto_aim_interfaces/lib:${LD_LIBRARY_PATH} PYTHONPATH=/home/hdm/tracker_plus_ttttt/tracker_plus/install/buff_interfaces/local/lib/python3.10/dist-packages:/home/hdm/tracker_plus_ttttt/tracker_plus/install/auto_aim_interfaces/local/lib/python3.10/dist-packages:${PYTHONPATH} /usr/bin/cmake --build /home/hdm/tracker_plus_ttttt/tracker_plus/build/rm_serial_driver -- -j24 -l24
[1.638s] [ 20%] [32mBuilding CXX object CMakeFiles/rm_serial_driver.dir/src/rm_serial_driver.cpp.o[0m
[1.642s] [ 40%] [32mBuilding CXX object CMakeFiles/rm_serial_driver.dir/src/crc.cpp.o[0m
[1.646s] [ 60%] [32mBuilding CXX object CMakeFiles/rm_serial_driver_node.dir/rclcpp_components/node_main_rm_serial_driver_node.cpp.o[0m
[6.199s] [ 80%] [32m[1mLinking CXX executable rm_serial_driver_node[0m
[6.335s] [ 80%] Built target rm_serial_driver_node
[24.085s] [100%] [32m[1mLinking CXX shared library librm_serial_driver.so[0m
[25.428s] [100%] Built target rm_serial_driver
[25.438s] Invoked command in '/home/hdm/tracker_plus_ttttt/tracker_plus/build/rm_serial_driver' returned '0': AMENT_PREFIX_PATH=/home/hdm/tracker_plus_ttttt/tracker_plus/install/buff_interfaces:/home/hdm/tracker_plus_ttttt/tracker_plus/install/auto_aim_interfaces:${AMENT_PREFIX_PATH} CMAKE_PREFIX_PATH=/home/hdm/tracker_plus_ttttt/tracker_plus/install/buff_interfaces:/home/hdm/tracker_plus_ttttt/tracker_plus/install/auto_aim_interfaces:/opt/ros/humble LD_LIBRARY_PATH=/home/hdm/tracker_plus_ttttt/tracker_plus/install/buff_interfaces/lib:/home/hdm/tracker_plus_ttttt/tracker_plus/install/auto_aim_interfaces/lib:${LD_LIBRARY_PATH} PYTHONPATH=/home/hdm/tracker_plus_ttttt/tracker_plus/install/buff_interfaces/local/lib/python3.10/dist-packages:/home/hdm/tracker_plus_ttttt/tracker_plus/install/auto_aim_interfaces/local/lib/python3.10/dist-packages:${PYTHONPATH} /usr/bin/cmake --build /home/hdm/tracker_plus_ttttt/tracker_plus/build/rm_serial_driver -- -j24 -l24
[25.440s] Invoking command in '/home/hdm/tracker_plus_ttttt/tracker_plus/build/rm_serial_driver': AMENT_PREFIX_PATH=/home/hdm/tracker_plus_ttttt/tracker_plus/install/buff_interfaces:/home/hdm/tracker_plus_ttttt/tracker_plus/install/auto_aim_interfaces:${AMENT_PREFIX_PATH} CMAKE_PREFIX_PATH=/home/hdm/tracker_plus_ttttt/tracker_plus/install/buff_interfaces:/home/hdm/tracker_plus_ttttt/tracker_plus/install/auto_aim_interfaces:/opt/ros/humble LD_LIBRARY_PATH=/home/hdm/tracker_plus_ttttt/tracker_plus/install/buff_interfaces/lib:/home/hdm/tracker_plus_ttttt/tracker_plus/install/auto_aim_interfaces/lib:${LD_LIBRARY_PATH} PYTHONPATH=/home/hdm/tracker_plus_ttttt/tracker_plus/install/buff_interfaces/local/lib/python3.10/dist-packages:/home/hdm/tracker_plus_ttttt/tracker_plus/install/auto_aim_interfaces/local/lib/python3.10/dist-packages:${PYTHONPATH} /usr/bin/cmake --install /home/hdm/tracker_plus_ttttt/tracker_plus/build/rm_serial_driver
[25.446s] -- Install configuration: ""
[25.446s] -- Execute custom install script
[25.446s] -- Symlinking: /home/hdm/tracker_plus_ttttt/tracker_plus/install/rm_serial_driver/lib/rm_serial_driver/rm_serial_driver_node
[25.453s] -- Symlinking: /home/hdm/tracker_plus_ttttt/tracker_plus/install/rm_serial_driver/include/rm_serial_driver/crc.hpp
[25.460s] -- Symlinking: /home/hdm/tracker_plus_ttttt/tracker_plus/install/rm_serial_driver/include/rm_serial_driver/packet.hpp
[25.467s] -- Symlinking: /home/hdm/tracker_plus_ttttt/tracker_plus/install/rm_serial_driver/include/rm_serial_driver/rm_serial_driver.hpp
[25.474s] -- Symlinking: /home/hdm/tracker_plus_ttttt/tracker_plus/install/rm_serial_driver/share/rm_serial_driver/environment/library_path.sh
[25.482s] -- Symlinking: /home/hdm/tracker_plus_ttttt/tracker_plus/install/rm_serial_driver/share/rm_serial_driver/environment/library_path.dsv
[25.488s] -- Symlinking: /home/hdm/tracker_plus_ttttt/tracker_plus/install/rm_serial_driver/lib/librm_serial_driver.so
[25.495s] -- Symlinking: /home/hdm/tracker_plus_ttttt/tracker_plus/install/rm_serial_driver/share/rm_serial_driver/config/serial_driver.yaml
[25.501s] -- Symlinking: /home/hdm/tracker_plus_ttttt/tracker_plus/install/rm_serial_driver/share/rm_serial_driver/launch/serial_driver.launch.py
[25.508s] -- Symlinking: /home/hdm/tracker_plus_ttttt/tracker_plus/install/rm_serial_driver/share/ament_index/resource_index/package_run_dependencies/rm_serial_driver
[25.514s] -- Symlinking: /home/hdm/tracker_plus_ttttt/tracker_plus/install/rm_serial_driver/share/ament_index/resource_index/parent_prefix_path/rm_serial_driver
[25.521s] -- Symlinking: /home/hdm/tracker_plus_ttttt/tracker_plus/install/rm_serial_driver/share/rm_serial_driver/environment/ament_prefix_path.sh
[25.527s] -- Symlinking: /home/hdm/tracker_plus_ttttt/tracker_plus/install/rm_serial_driver/share/rm_serial_driver/environment/ament_prefix_path.dsv
[25.532s] -- Symlinking: /home/hdm/tracker_plus_ttttt/tracker_plus/install/rm_serial_driver/share/rm_serial_driver/environment/path.sh
[25.537s] -- Symlinking: /home/hdm/tracker_plus_ttttt/tracker_plus/install/rm_serial_driver/share/rm_serial_driver/environment/path.dsv
[25.545s] -- Symlinking: /home/hdm/tracker_plus_ttttt/tracker_plus/install/rm_serial_driver/share/rm_serial_driver/local_setup.bash
[25.549s] -- Symlinking: /home/hdm/tracker_plus_ttttt/tracker_plus/install/rm_serial_driver/share/rm_serial_driver/local_setup.sh
[25.555s] -- Symlinking: /home/hdm/tracker_plus_ttttt/tracker_plus/install/rm_serial_driver/share/rm_serial_driver/local_setup.zsh
[25.561s] -- Symlinking: /home/hdm/tracker_plus_ttttt/tracker_plus/install/rm_serial_driver/share/rm_serial_driver/local_setup.dsv
[25.567s] -- Symlinking: /home/hdm/tracker_plus_ttttt/tracker_plus/install/rm_serial_driver/share/rm_serial_driver/package.dsv
[25.573s] -- Symlinking: /home/hdm/tracker_plus_ttttt/tracker_plus/install/rm_serial_driver/share/ament_index/resource_index/packages/rm_serial_driver
[25.579s] -- Symlinking: /home/hdm/tracker_plus_ttttt/tracker_plus/install/rm_serial_driver/share/ament_index/resource_index/rclcpp_components/rm_serial_driver
[25.585s] -- Symlinking: /home/hdm/tracker_plus_ttttt/tracker_plus/install/rm_serial_driver/share/rm_serial_driver/cmake/ament_cmake_export_dependencies-extras.cmake
[25.590s] -- Symlinking: /home/hdm/tracker_plus_ttttt/tracker_plus/install/rm_serial_driver/share/rm_serial_driver/cmake/ament_cmake_export_include_directories-extras.cmake
[25.595s] -- Symlinking: /home/hdm/tracker_plus_ttttt/tracker_plus/install/rm_serial_driver/share/rm_serial_driver/cmake/ament_cmake_export_libraries-extras.cmake
[25.601s] -- Symlinking: /home/hdm/tracker_plus_ttttt/tracker_plus/install/rm_serial_driver/share/rm_serial_driver/cmake/rm_serial_driverConfig.cmake
[25.607s] -- Symlinking: /home/hdm/tracker_plus_ttttt/tracker_plus/install/rm_serial_driver/share/rm_serial_driver/cmake/rm_serial_driverConfig-version.cmake
[25.612s] -- Symlinking: /home/hdm/tracker_plus_ttttt/tracker_plus/install/rm_serial_driver/share/rm_serial_driver/package.xml
[25.621s] Invoked command in '/home/hdm/tracker_plus_ttttt/tracker_plus/build/rm_serial_driver' returned '0': AMENT_PREFIX_PATH=/home/hdm/tracker_plus_ttttt/tracker_plus/install/buff_interfaces:/home/hdm/tracker_plus_ttttt/tracker_plus/install/auto_aim_interfaces:${AMENT_PREFIX_PATH} CMAKE_PREFIX_PATH=/home/hdm/tracker_plus_ttttt/tracker_plus/install/buff_interfaces:/home/hdm/tracker_plus_ttttt/tracker_plus/install/auto_aim_interfaces:/opt/ros/humble LD_LIBRARY_PATH=/home/hdm/tracker_plus_ttttt/tracker_plus/install/buff_interfaces/lib:/home/hdm/tracker_plus_ttttt/tracker_plus/install/auto_aim_interfaces/lib:${LD_LIBRARY_PATH} PYTHONPATH=/home/hdm/tracker_plus_ttttt/tracker_plus/install/buff_interfaces/local/lib/python3.10/dist-packages:/home/hdm/tracker_plus_ttttt/tracker_plus/install/auto_aim_interfaces/local/lib/python3.10/dist-packages:${PYTHONPATH} /usr/bin/cmake --install /home/hdm/tracker_plus_ttttt/tracker_plus/build/rm_serial_driver
