[0.017s] Invoking command in '/home/hdm/tracker_plus_ttttt/tracker_plus/build/rm_buff': AMENT_PREFIX_PATH=/home/hdm/tracker_plus_ttttt/tracker_plus/install/buff_tracker:/home/hdm/tracker_plus_ttttt/tracker_plus/install/buff_executor:/home/hdm/tracker_plus_ttttt/tracker_plus/install/buff_detector:/home/hdm/tracker_plus_ttttt/tracker_plus/install/buff_interfaces:${AMENT_PREFIX_PATH} CMAKE_PREFIX_PATH=/home/hdm/tracker_plus_ttttt/tracker_plus/install/buff_tracker:/home/hdm/tracker_plus_ttttt/tracker_plus/install/buff_executor:/home/hdm/tracker_plus_ttttt/tracker_plus/install/buff_detector:/home/hdm/tracker_plus_ttttt/tracker_plus/install/buff_interfaces:/opt/ros/humble LD_LIBRARY_PATH=/home/hdm/tracker_plus_ttttt/tracker_plus/install/buff_tracker/lib:/home/hdm/tracker_plus_ttttt/tracker_plus/install/buff_executor/lib:/home/hdm/tracker_plus_ttttt/tracker_plus/install/buff_detector/lib:/home/hdm/tracker_plus_ttttt/tracker_plus/install/buff_interfaces/lib:${LD_LIBRARY_PATH} PYTHONPATH=/home/hdm/tracker_plus_ttttt/tracker_plus/install/buff_interfaces/local/lib/python3.10/dist-packages:${PYTHONPATH} /usr/bin/cmake /home/hdm/tracker_plus_ttttt/tracker_plus/src/rm_buff/rm_buff -DAMENT_CMAKE_SYMLINK_INSTALL=1 -DCMAKE_INSTALL_PREFIX=/home/hdm/tracker_plus_ttttt/tracker_plus/install/rm_buff
[0.072s] -- The C compiler identification is GNU 11.4.0
[0.117s] -- The CXX compiler identification is GNU 11.4.0
[0.124s] -- Detecting C compiler ABI info
[0.185s] -- Detecting C compiler ABI info - done
[0.191s] -- Check for working C compiler: /usr/bin/cc - skipped
[0.191s] -- Detecting C compile features
[0.191s] -- Detecting C compile features - done
[0.194s] -- Detecting CXX compiler ABI info
[0.276s] -- Detecting CXX compiler ABI info - done
[0.282s] -- Check for working CXX compiler: /usr/bin/c++ - skipped
[0.282s] -- Detecting CXX compile features
[0.283s] -- Detecting CXX compile features - done
[0.284s] -- Found ament_cmake_auto: 1.3.11 (/opt/ros/humble/share/ament_cmake_auto/cmake)
[0.421s] -- Found Python3: /usr/bin/python3 (found version "3.10.12") found components: Interpreter 
[0.485s] -- Override CMake install command with custom implementation using symlinks instead of copying resources
[0.506s] -- Found ament_lint_auto: 0.12.11 (/opt/ros/humble/share/ament_lint_auto/cmake)
[0.571s] -- Added test 'lint_cmake' to check CMake code style
[0.571s] -- Added test 'xmllint' to check XML markup files
[0.573s] -- Configuring done
[0.574s] -- Generating done
[0.575s] -- Build files have been written to: /home/hdm/tracker_plus_ttttt/tracker_plus/build/rm_buff
[0.579s] Invoked command in '/home/hdm/tracker_plus_ttttt/tracker_plus/build/rm_buff' returned '0': AMENT_PREFIX_PATH=/home/hdm/tracker_plus_ttttt/tracker_plus/install/buff_tracker:/home/hdm/tracker_plus_ttttt/tracker_plus/install/buff_executor:/home/hdm/tracker_plus_ttttt/tracker_plus/install/buff_detector:/home/hdm/tracker_plus_ttttt/tracker_plus/install/buff_interfaces:${AMENT_PREFIX_PATH} CMAKE_PREFIX_PATH=/home/hdm/tracker_plus_ttttt/tracker_plus/install/buff_tracker:/home/hdm/tracker_plus_ttttt/tracker_plus/install/buff_executor:/home/hdm/tracker_plus_ttttt/tracker_plus/install/buff_detector:/home/hdm/tracker_plus_ttttt/tracker_plus/install/buff_interfaces:/opt/ros/humble LD_LIBRARY_PATH=/home/hdm/tracker_plus_ttttt/tracker_plus/install/buff_tracker/lib:/home/hdm/tracker_plus_ttttt/tracker_plus/install/buff_executor/lib:/home/hdm/tracker_plus_ttttt/tracker_plus/install/buff_detector/lib:/home/hdm/tracker_plus_ttttt/tracker_plus/install/buff_interfaces/lib:${LD_LIBRARY_PATH} PYTHONPATH=/home/hdm/tracker_plus_ttttt/tracker_plus/install/buff_interfaces/local/lib/python3.10/dist-packages:${PYTHONPATH} /usr/bin/cmake /home/hdm/tracker_plus_ttttt/tracker_plus/src/rm_buff/rm_buff -DAMENT_CMAKE_SYMLINK_INSTALL=1 -DCMAKE_INSTALL_PREFIX=/home/hdm/tracker_plus_ttttt/tracker_plus/install/rm_buff
[0.581s] Invoking command in '/home/hdm/tracker_plus_ttttt/tracker_plus/build/rm_buff': AMENT_PREFIX_PATH=/home/hdm/tracker_plus_ttttt/tracker_plus/install/buff_tracker:/home/hdm/tracker_plus_ttttt/tracker_plus/install/buff_executor:/home/hdm/tracker_plus_ttttt/tracker_plus/install/buff_detector:/home/hdm/tracker_plus_ttttt/tracker_plus/install/buff_interfaces:${AMENT_PREFIX_PATH} CMAKE_PREFIX_PATH=/home/hdm/tracker_plus_ttttt/tracker_plus/install/buff_tracker:/home/hdm/tracker_plus_ttttt/tracker_plus/install/buff_executor:/home/hdm/tracker_plus_ttttt/tracker_plus/install/buff_detector:/home/hdm/tracker_plus_ttttt/tracker_plus/install/buff_interfaces:/opt/ros/humble LD_LIBRARY_PATH=/home/hdm/tracker_plus_ttttt/tracker_plus/install/buff_tracker/lib:/home/hdm/tracker_plus_ttttt/tracker_plus/install/buff_executor/lib:/home/hdm/tracker_plus_ttttt/tracker_plus/install/buff_detector/lib:/home/hdm/tracker_plus_ttttt/tracker_plus/install/buff_interfaces/lib:${LD_LIBRARY_PATH} PYTHONPATH=/home/hdm/tracker_plus_ttttt/tracker_plus/install/buff_interfaces/local/lib/python3.10/dist-packages:${PYTHONPATH} /usr/bin/cmake --build /home/hdm/tracker_plus_ttttt/tracker_plus/build/rm_buff -- -j24 -l24
[0.620s] Invoked command in '/home/hdm/tracker_plus_ttttt/tracker_plus/build/rm_buff' returned '0': AMENT_PREFIX_PATH=/home/hdm/tracker_plus_ttttt/tracker_plus/install/buff_tracker:/home/hdm/tracker_plus_ttttt/tracker_plus/install/buff_executor:/home/hdm/tracker_plus_ttttt/tracker_plus/install/buff_detector:/home/hdm/tracker_plus_ttttt/tracker_plus/install/buff_interfaces:${AMENT_PREFIX_PATH} CMAKE_PREFIX_PATH=/home/hdm/tracker_plus_ttttt/tracker_plus/install/buff_tracker:/home/hdm/tracker_plus_ttttt/tracker_plus/install/buff_executor:/home/hdm/tracker_plus_ttttt/tracker_plus/install/buff_detector:/home/hdm/tracker_plus_ttttt/tracker_plus/install/buff_interfaces:/opt/ros/humble LD_LIBRARY_PATH=/home/hdm/tracker_plus_ttttt/tracker_plus/install/buff_tracker/lib:/home/hdm/tracker_plus_ttttt/tracker_plus/install/buff_executor/lib:/home/hdm/tracker_plus_ttttt/tracker_plus/install/buff_detector/lib:/home/hdm/tracker_plus_ttttt/tracker_plus/install/buff_interfaces/lib:${LD_LIBRARY_PATH} PYTHONPATH=/home/hdm/tracker_plus_ttttt/tracker_plus/install/buff_interfaces/local/lib/python3.10/dist-packages:${PYTHONPATH} /usr/bin/cmake --build /home/hdm/tracker_plus_ttttt/tracker_plus/build/rm_buff -- -j24 -l24
[0.620s] Invoking command in '/home/hdm/tracker_plus_ttttt/tracker_plus/build/rm_buff': AMENT_PREFIX_PATH=/home/hdm/tracker_plus_ttttt/tracker_plus/install/buff_tracker:/home/hdm/tracker_plus_ttttt/tracker_plus/install/buff_executor:/home/hdm/tracker_plus_ttttt/tracker_plus/install/buff_detector:/home/hdm/tracker_plus_ttttt/tracker_plus/install/buff_interfaces:${AMENT_PREFIX_PATH} CMAKE_PREFIX_PATH=/home/hdm/tracker_plus_ttttt/tracker_plus/install/buff_tracker:/home/hdm/tracker_plus_ttttt/tracker_plus/install/buff_executor:/home/hdm/tracker_plus_ttttt/tracker_plus/install/buff_detector:/home/hdm/tracker_plus_ttttt/tracker_plus/install/buff_interfaces:/opt/ros/humble LD_LIBRARY_PATH=/home/hdm/tracker_plus_ttttt/tracker_plus/install/buff_tracker/lib:/home/hdm/tracker_plus_ttttt/tracker_plus/install/buff_executor/lib:/home/hdm/tracker_plus_ttttt/tracker_plus/install/buff_detector/lib:/home/hdm/tracker_plus_ttttt/tracker_plus/install/buff_interfaces/lib:${LD_LIBRARY_PATH} PYTHONPATH=/home/hdm/tracker_plus_ttttt/tracker_plus/install/buff_interfaces/local/lib/python3.10/dist-packages:${PYTHONPATH} /usr/bin/cmake --install /home/hdm/tracker_plus_ttttt/tracker_plus/build/rm_buff
[0.625s] -- Install configuration: ""
[0.625s] -- Execute custom install script
[0.626s] -- Symlinking: /home/hdm/tracker_plus_ttttt/tracker_plus/install/rm_buff/share/ament_index/resource_index/package_run_dependencies/rm_buff
[0.633s] -- Symlinking: /home/hdm/tracker_plus_ttttt/tracker_plus/install/rm_buff/share/ament_index/resource_index/parent_prefix_path/rm_buff
[0.642s] -- Symlinking: /home/hdm/tracker_plus_ttttt/tracker_plus/install/rm_buff/share/rm_buff/environment/ament_prefix_path.sh
[0.649s] -- Symlinking: /home/hdm/tracker_plus_ttttt/tracker_plus/install/rm_buff/share/rm_buff/environment/ament_prefix_path.dsv
[0.657s] -- Symlinking: /home/hdm/tracker_plus_ttttt/tracker_plus/install/rm_buff/share/rm_buff/environment/path.sh
[0.663s] -- Symlinking: /home/hdm/tracker_plus_ttttt/tracker_plus/install/rm_buff/share/rm_buff/environment/path.dsv
[0.670s] -- Symlinking: /home/hdm/tracker_plus_ttttt/tracker_plus/install/rm_buff/share/rm_buff/local_setup.bash
[0.677s] -- Symlinking: /home/hdm/tracker_plus_ttttt/tracker_plus/install/rm_buff/share/rm_buff/local_setup.sh
[0.685s] -- Symlinking: /home/hdm/tracker_plus_ttttt/tracker_plus/install/rm_buff/share/rm_buff/local_setup.zsh
[0.692s] -- Symlinking: /home/hdm/tracker_plus_ttttt/tracker_plus/install/rm_buff/share/rm_buff/local_setup.dsv
[0.698s] -- Symlinking: /home/hdm/tracker_plus_ttttt/tracker_plus/install/rm_buff/share/rm_buff/package.dsv
[0.705s] -- Symlinking: /home/hdm/tracker_plus_ttttt/tracker_plus/install/rm_buff/share/ament_index/resource_index/packages/rm_buff
[0.714s] -- Symlinking: /home/hdm/tracker_plus_ttttt/tracker_plus/install/rm_buff/share/rm_buff/cmake/rm_buffConfig.cmake
[0.722s] -- Symlinking: /home/hdm/tracker_plus_ttttt/tracker_plus/install/rm_buff/share/rm_buff/cmake/rm_buffConfig-version.cmake
[0.729s] -- Symlinking: /home/hdm/tracker_plus_ttttt/tracker_plus/install/rm_buff/share/rm_buff/package.xml
[0.740s] Invoked command in '/home/hdm/tracker_plus_ttttt/tracker_plus/build/rm_buff' returned '0': AMENT_PREFIX_PATH=/home/hdm/tracker_plus_ttttt/tracker_plus/install/buff_tracker:/home/hdm/tracker_plus_ttttt/tracker_plus/install/buff_executor:/home/hdm/tracker_plus_ttttt/tracker_plus/install/buff_detector:/home/hdm/tracker_plus_ttttt/tracker_plus/install/buff_interfaces:${AMENT_PREFIX_PATH} CMAKE_PREFIX_PATH=/home/hdm/tracker_plus_ttttt/tracker_plus/install/buff_tracker:/home/hdm/tracker_plus_ttttt/tracker_plus/install/buff_executor:/home/hdm/tracker_plus_ttttt/tracker_plus/install/buff_detector:/home/hdm/tracker_plus_ttttt/tracker_plus/install/buff_interfaces:/opt/ros/humble LD_LIBRARY_PATH=/home/hdm/tracker_plus_ttttt/tracker_plus/install/buff_tracker/lib:/home/hdm/tracker_plus_ttttt/tracker_plus/install/buff_executor/lib:/home/hdm/tracker_plus_ttttt/tracker_plus/install/buff_detector/lib:/home/hdm/tracker_plus_ttttt/tracker_plus/install/buff_interfaces/lib:${LD_LIBRARY_PATH} PYTHONPATH=/home/hdm/tracker_plus_ttttt/tracker_plus/install/buff_interfaces/local/lib/python3.10/dist-packages:${PYTHONPATH} /usr/bin/cmake --install /home/hdm/tracker_plus_ttttt/tracker_plus/build/rm_buff
