[0.021s] Invoking command in '/home/hdm/tracker_plus_ttttt/tracker_plus/build/buff_tracker': AMENT_PREFIX_PATH=/home/hdm/tracker_plus_ttttt/tracker_plus/install/buff_executor:/home/hdm/tracker_plus_ttttt/tracker_plus/install/buff_interfaces:${AMENT_PREFIX_PATH} CMAKE_PREFIX_PATH=/home/hdm/tracker_plus_ttttt/tracker_plus/install/buff_executor:/home/hdm/tracker_plus_ttttt/tracker_plus/install/buff_interfaces:/opt/ros/humble LD_LIBRARY_PATH=/home/hdm/tracker_plus_ttttt/tracker_plus/install/buff_executor/lib:/home/hdm/tracker_plus_ttttt/tracker_plus/install/buff_interfaces/lib:${LD_LIBRARY_PATH} PYTHONPATH=/home/hdm/tracker_plus_ttttt/tracker_plus/install/buff_interfaces/local/lib/python3.10/dist-packages:${PYTHONPATH} /usr/bin/cmake /home/hdm/tracker_plus_ttttt/tracker_plus/src/rm_buff/buff_tracker -DAMENT_CMAKE_SYMLINK_INSTALL=1 -DCMAKE_INSTALL_PREFIX=/home/hdm/tracker_plus_ttttt/tracker_plus/install/buff_tracker
[0.100s] -- The C compiler identification is GNU 11.4.0
[0.174s] -- The CXX compiler identification is GNU 11.4.0
[0.182s] -- Detecting C compiler ABI info
[0.260s] -- Detecting C compiler ABI info - done
[0.276s] -- Check for working C compiler: /usr/bin/cc - skipped
[0.277s] -- Detecting C compile features
[0.278s] -- Detecting C compile features - done
[0.284s] -- Detecting CXX compiler ABI info
[0.387s] -- Detecting CXX compiler ABI info - done
[0.396s] -- Check for working CXX compiler: /usr/bin/c++ - skipped
[0.396s] -- Detecting CXX compile features
[0.396s] -- Detecting CXX compile features - done
[0.399s] -- Found ament_cmake_auto: 1.3.11 (/opt/ros/humble/share/ament_cmake_auto/cmake)
[0.575s] -- Found Python3: /usr/bin/python3 (found version "3.10.12") found components: Interpreter 
[0.650s] -- Override CMake install command with custom implementation using symlinks instead of copying resources
[0.690s] -- Found OpenCV: /home/hdm/environment (found version "4.5.4") 
[0.811s] -- Found rosidl_generator_c: 3.1.6 (/opt/ros/humble/share/rosidl_generator_c/cmake)
[0.817s] -- Found rosidl_adapter: 3.1.6 (/opt/ros/humble/share/rosidl_adapter/cmake)
[0.826s] -- Found rosidl_generator_cpp: 3.1.6 (/opt/ros/humble/share/rosidl_generator_cpp/cmake)
[0.839s] -- Using all available rosidl_typesupport_c: rosidl_typesupport_fastrtps_c;rosidl_typesupport_introspection_c
[0.857s] -- Using all available rosidl_typesupport_cpp: rosidl_typesupport_fastrtps_cpp;rosidl_typesupport_introspection_cpp
[0.904s] -- Found rmw_implementation_cmake: 6.1.2 (/opt/ros/humble/share/rmw_implementation_cmake/cmake)
[0.907s] -- Found rmw_fastrtps_cpp: 6.2.7 (/opt/ros/humble/share/rmw_fastrtps_cpp/cmake)
[1.013s] -- Found OpenSSL: /usr/lib/x86_64-linux-gnu/libcrypto.so (found version "3.0.2")  
[1.058s] -- Found FastRTPS: /opt/ros/humble/include  
[1.122s] -- Using RMW implementation 'rmw_fastrtps_cpp' as default
[1.136s] -- Looking for pthread.h
[1.245s] -- Looking for pthread.h - found
[1.245s] -- Performing Test CMAKE_HAVE_LIBC_PTHREAD
[1.351s] -- Performing Test CMAKE_HAVE_LIBC_PTHREAD - Success
[1.353s] -- Found Threads: TRUE  
[1.556s] -- Found eigen3_cmake_module: 0.1.1 (/opt/ros/humble/share/eigen3_cmake_module/cmake)
[1.558s] -- Found Eigen3: TRUE (found version "3.3.7") 
[1.558s] -- Ensuring Eigen3 include directory is part of orocos-kdl CMake target
[1.679s] -- Found ament_lint_auto: 0.12.11 (/opt/ros/humble/share/ament_lint_auto/cmake)
[1.702s] -- Added test 'cppcheck' to perform static code analysis on C / C++ code
[1.702s] -- Configured cppcheck include dirs: /home/hdm/tracker_plus_ttttt/tracker_plus/src/rm_buff/buff_tracker/include
[1.702s] -- Configured cppcheck exclude dirs and/or files: 
[1.703s] -- Added test 'lint_cmake' to check CMake code style
[1.704s] -- Added test 'xmllint' to check XML markup files
[1.706s] -- Configuring done
[1.728s] -- Generating done
[1.735s] -- Build files have been written to: /home/hdm/tracker_plus_ttttt/tracker_plus/build/buff_tracker
[1.748s] Invoked command in '/home/hdm/tracker_plus_ttttt/tracker_plus/build/buff_tracker' returned '0': AMENT_PREFIX_PATH=/home/hdm/tracker_plus_ttttt/tracker_plus/install/buff_executor:/home/hdm/tracker_plus_ttttt/tracker_plus/install/buff_interfaces:${AMENT_PREFIX_PATH} CMAKE_PREFIX_PATH=/home/hdm/tracker_plus_ttttt/tracker_plus/install/buff_executor:/home/hdm/tracker_plus_ttttt/tracker_plus/install/buff_interfaces:/opt/ros/humble LD_LIBRARY_PATH=/home/hdm/tracker_plus_ttttt/tracker_plus/install/buff_executor/lib:/home/hdm/tracker_plus_ttttt/tracker_plus/install/buff_interfaces/lib:${LD_LIBRARY_PATH} PYTHONPATH=/home/hdm/tracker_plus_ttttt/tracker_plus/install/buff_interfaces/local/lib/python3.10/dist-packages:${PYTHONPATH} /usr/bin/cmake /home/hdm/tracker_plus_ttttt/tracker_plus/src/rm_buff/buff_tracker -DAMENT_CMAKE_SYMLINK_INSTALL=1 -DCMAKE_INSTALL_PREFIX=/home/hdm/tracker_plus_ttttt/tracker_plus/install/buff_tracker
[1.749s] Invoking command in '/home/hdm/tracker_plus_ttttt/tracker_plus/build/buff_tracker': AMENT_PREFIX_PATH=/home/hdm/tracker_plus_ttttt/tracker_plus/install/buff_executor:/home/hdm/tracker_plus_ttttt/tracker_plus/install/buff_interfaces:${AMENT_PREFIX_PATH} CMAKE_PREFIX_PATH=/home/hdm/tracker_plus_ttttt/tracker_plus/install/buff_executor:/home/hdm/tracker_plus_ttttt/tracker_plus/install/buff_interfaces:/opt/ros/humble LD_LIBRARY_PATH=/home/hdm/tracker_plus_ttttt/tracker_plus/install/buff_executor/lib:/home/hdm/tracker_plus_ttttt/tracker_plus/install/buff_interfaces/lib:${LD_LIBRARY_PATH} PYTHONPATH=/home/hdm/tracker_plus_ttttt/tracker_plus/install/buff_interfaces/local/lib/python3.10/dist-packages:${PYTHONPATH} /usr/bin/cmake --build /home/hdm/tracker_plus_ttttt/tracker_plus/build/buff_tracker -- -j24 -l24
[1.827s] [ 14%] [32mBuilding CXX object CMakeFiles/buff_tracker.dir/src/extended_kalman_filter.cpp.o[0m
[1.830s] [ 28%] [32mBuilding CXX object CMakeFiles/buff_tracker_node.dir/rclcpp_components/node_main_buff_tracker_node.cpp.o[0m
[1.831s] [ 57%] [32mBuilding CXX object CMakeFiles/buff_tracker.dir/src/gauss_newton_solver.cpp.o[0m
[1.831s] [ 57%] [32mBuilding CXX object CMakeFiles/buff_tracker.dir/src/tracker.cpp.o[0m
[1.832s] [ 71%] [32mBuilding CXX object CMakeFiles/buff_tracker.dir/src/tracker_node.cpp.o[0m
[4.817s] [ 85%] [32m[1mLinking CXX executable buff_tracker_node[0m
[4.937s] [ 85%] Built target buff_tracker_node
[15.855s] [100%] [32m[1mLinking CXX shared library libbuff_tracker.so[0m
[16.724s] [100%] Built target buff_tracker
[16.735s] Invoked command in '/home/hdm/tracker_plus_ttttt/tracker_plus/build/buff_tracker' returned '0': AMENT_PREFIX_PATH=/home/hdm/tracker_plus_ttttt/tracker_plus/install/buff_executor:/home/hdm/tracker_plus_ttttt/tracker_plus/install/buff_interfaces:${AMENT_PREFIX_PATH} CMAKE_PREFIX_PATH=/home/hdm/tracker_plus_ttttt/tracker_plus/install/buff_executor:/home/hdm/tracker_plus_ttttt/tracker_plus/install/buff_interfaces:/opt/ros/humble LD_LIBRARY_PATH=/home/hdm/tracker_plus_ttttt/tracker_plus/install/buff_executor/lib:/home/hdm/tracker_plus_ttttt/tracker_plus/install/buff_interfaces/lib:${LD_LIBRARY_PATH} PYTHONPATH=/home/hdm/tracker_plus_ttttt/tracker_plus/install/buff_interfaces/local/lib/python3.10/dist-packages:${PYTHONPATH} /usr/bin/cmake --build /home/hdm/tracker_plus_ttttt/tracker_plus/build/buff_tracker -- -j24 -l24
[16.737s] Invoking command in '/home/hdm/tracker_plus_ttttt/tracker_plus/build/buff_tracker': AMENT_PREFIX_PATH=/home/hdm/tracker_plus_ttttt/tracker_plus/install/buff_executor:/home/hdm/tracker_plus_ttttt/tracker_plus/install/buff_interfaces:${AMENT_PREFIX_PATH} CMAKE_PREFIX_PATH=/home/hdm/tracker_plus_ttttt/tracker_plus/install/buff_executor:/home/hdm/tracker_plus_ttttt/tracker_plus/install/buff_interfaces:/opt/ros/humble LD_LIBRARY_PATH=/home/hdm/tracker_plus_ttttt/tracker_plus/install/buff_executor/lib:/home/hdm/tracker_plus_ttttt/tracker_plus/install/buff_interfaces/lib:${LD_LIBRARY_PATH} PYTHONPATH=/home/hdm/tracker_plus_ttttt/tracker_plus/install/buff_interfaces/local/lib/python3.10/dist-packages:${PYTHONPATH} /usr/bin/cmake --install /home/hdm/tracker_plus_ttttt/tracker_plus/build/buff_tracker
[16.744s] -- Install configuration: ""
[16.744s] -- Execute custom install script
[16.745s] -- Symlinking: /home/hdm/tracker_plus_ttttt/tracker_plus/install/buff_tracker/lib/buff_tracker/buff_tracker_node
[16.754s] -- Symlinking: /home/hdm/tracker_plus_ttttt/tracker_plus/install/buff_tracker/include/buff_tracker/extended_kalman_filter.hpp
[16.763s] -- Symlinking: /home/hdm/tracker_plus_ttttt/tracker_plus/install/buff_tracker/include/buff_tracker/gauss_newton_solver.hpp
[16.770s] -- Symlinking: /home/hdm/tracker_plus_ttttt/tracker_plus/install/buff_tracker/include/buff_tracker/tracker.hpp
[16.778s] -- Symlinking: /home/hdm/tracker_plus_ttttt/tracker_plus/install/buff_tracker/include/buff_tracker/tracker_node.hpp
[16.784s] -- Symlinking: /home/hdm/tracker_plus_ttttt/tracker_plus/install/buff_tracker/share/buff_tracker/environment/library_path.sh
[16.792s] -- Symlinking: /home/hdm/tracker_plus_ttttt/tracker_plus/install/buff_tracker/share/buff_tracker/environment/library_path.dsv
[16.800s] -- Symlinking: /home/hdm/tracker_plus_ttttt/tracker_plus/install/buff_tracker/lib/libbuff_tracker.so
[16.807s] -- Symlinking: /home/hdm/tracker_plus_ttttt/tracker_plus/install/buff_tracker/share/ament_index/resource_index/package_run_dependencies/buff_tracker
[16.813s] -- Symlinking: /home/hdm/tracker_plus_ttttt/tracker_plus/install/buff_tracker/share/ament_index/resource_index/parent_prefix_path/buff_tracker
[16.820s] -- Symlinking: /home/hdm/tracker_plus_ttttt/tracker_plus/install/buff_tracker/share/buff_tracker/environment/ament_prefix_path.sh
[16.826s] -- Symlinking: /home/hdm/tracker_plus_ttttt/tracker_plus/install/buff_tracker/share/buff_tracker/environment/ament_prefix_path.dsv
[16.833s] -- Symlinking: /home/hdm/tracker_plus_ttttt/tracker_plus/install/buff_tracker/share/buff_tracker/environment/path.sh
[16.841s] -- Symlinking: /home/hdm/tracker_plus_ttttt/tracker_plus/install/buff_tracker/share/buff_tracker/environment/path.dsv
[16.849s] -- Symlinking: /home/hdm/tracker_plus_ttttt/tracker_plus/install/buff_tracker/share/buff_tracker/local_setup.bash
[16.857s] -- Symlinking: /home/hdm/tracker_plus_ttttt/tracker_plus/install/buff_tracker/share/buff_tracker/local_setup.sh
[16.864s] -- Symlinking: /home/hdm/tracker_plus_ttttt/tracker_plus/install/buff_tracker/share/buff_tracker/local_setup.zsh
[16.872s] -- Symlinking: /home/hdm/tracker_plus_ttttt/tracker_plus/install/buff_tracker/share/buff_tracker/local_setup.dsv
[16.879s] -- Symlinking: /home/hdm/tracker_plus_ttttt/tracker_plus/install/buff_tracker/share/buff_tracker/package.dsv
[16.887s] -- Symlinking: /home/hdm/tracker_plus_ttttt/tracker_plus/install/buff_tracker/share/ament_index/resource_index/packages/buff_tracker
[16.894s] -- Symlinking: /home/hdm/tracker_plus_ttttt/tracker_plus/install/buff_tracker/share/ament_index/resource_index/rclcpp_components/buff_tracker
[16.902s] -- Symlinking: /home/hdm/tracker_plus_ttttt/tracker_plus/install/buff_tracker/share/buff_tracker/cmake/ament_cmake_export_dependencies-extras.cmake
[16.909s] -- Symlinking: /home/hdm/tracker_plus_ttttt/tracker_plus/install/buff_tracker/share/buff_tracker/cmake/ament_cmake_export_include_directories-extras.cmake
[16.915s] -- Symlinking: /home/hdm/tracker_plus_ttttt/tracker_plus/install/buff_tracker/share/buff_tracker/cmake/ament_cmake_export_libraries-extras.cmake
[16.924s] -- Symlinking: /home/hdm/tracker_plus_ttttt/tracker_plus/install/buff_tracker/share/buff_tracker/cmake/buff_trackerConfig.cmake
[16.930s] -- Symlinking: /home/hdm/tracker_plus_ttttt/tracker_plus/install/buff_tracker/share/buff_tracker/cmake/buff_trackerConfig-version.cmake
[16.938s] -- Symlinking: /home/hdm/tracker_plus_ttttt/tracker_plus/install/buff_tracker/share/buff_tracker/package.xml
[16.948s] Invoked command in '/home/hdm/tracker_plus_ttttt/tracker_plus/build/buff_tracker' returned '0': AMENT_PREFIX_PATH=/home/hdm/tracker_plus_ttttt/tracker_plus/install/buff_executor:/home/hdm/tracker_plus_ttttt/tracker_plus/install/buff_interfaces:${AMENT_PREFIX_PATH} CMAKE_PREFIX_PATH=/home/hdm/tracker_plus_ttttt/tracker_plus/install/buff_executor:/home/hdm/tracker_plus_ttttt/tracker_plus/install/buff_interfaces:/opt/ros/humble LD_LIBRARY_PATH=/home/hdm/tracker_plus_ttttt/tracker_plus/install/buff_executor/lib:/home/hdm/tracker_plus_ttttt/tracker_plus/install/buff_interfaces/lib:${LD_LIBRARY_PATH} PYTHONPATH=/home/hdm/tracker_plus_ttttt/tracker_plus/install/buff_interfaces/local/lib/python3.10/dist-packages:${PYTHONPATH} /usr/bin/cmake --install /home/hdm/tracker_plus_ttttt/tracker_plus/build/buff_tracker
