[0.009s] Invoking command in '/home/hdm/tracker_plus_ttttt/tracker_plus/build/buff_executor': AMENT_PREFIX_PATH=/home/hdm/tracker_plus_ttttt/tracker_plus/install/buff_interfaces:${AMENT_PREFIX_PATH} CMAKE_PREFIX_PATH=/home/hdm/tracker_plus_ttttt/tracker_plus/install/buff_interfaces:/opt/ros/humble LD_LIBRARY_PATH=/home/hdm/tracker_plus_ttttt/tracker_plus/install/buff_interfaces/lib:${LD_LIBRARY_PATH} PYTHONPATH=/home/hdm/tracker_plus_ttttt/tracker_plus/install/buff_interfaces/local/lib/python3.10/dist-packages:${PYTHONPATH} /usr/bin/cmake /home/hdm/tracker_plus_ttttt/tracker_plus/src/rm_buff/buff_executor -DAMENT_CMAKE_SYMLINK_INSTALL=1 -DCMAKE_INSTALL_PREFIX=/home/hdm/tracker_plus_ttttt/tracker_plus/install/buff_executor
[0.059s] -- The C compiler identification is GNU 11.4.0
[0.118s] -- The CXX compiler identification is GNU 11.4.0
[0.124s] -- Detecting C compiler ABI info
[0.199s] -- Detecting C compiler ABI info - done
[0.207s] -- Check for working C compiler: /usr/bin/cc - skipped
[0.207s] -- Detecting C compile features
[0.208s] -- Detecting C compile features - done
[0.210s] -- Detecting CXX compiler ABI info
[0.288s] -- Detecting CXX compiler ABI info - done
[0.294s] -- Check for working CXX compiler: /usr/bin/c++ - skipped
[0.294s] -- Detecting CXX compile features
[0.295s] -- Detecting CXX compile features - done
[0.297s] -- Found ament_cmake_auto: 1.3.11 (/opt/ros/humble/share/ament_cmake_auto/cmake)
[0.442s] -- Found Python3: /usr/bin/python3 (found version "3.10.12") found components: Interpreter 
[0.505s] -- Override CMake install command with custom implementation using symlinks instead of copying resources
[0.604s] -- Found rosidl_generator_c: 3.1.6 (/opt/ros/humble/share/rosidl_generator_c/cmake)
[0.607s] -- Found rosidl_adapter: 3.1.6 (/opt/ros/humble/share/rosidl_adapter/cmake)
[0.614s] -- Found rosidl_generator_cpp: 3.1.6 (/opt/ros/humble/share/rosidl_generator_cpp/cmake)
[0.622s] -- Using all available rosidl_typesupport_c: rosidl_typesupport_fastrtps_c;rosidl_typesupport_introspection_c
[0.634s] -- Using all available rosidl_typesupport_cpp: rosidl_typesupport_fastrtps_cpp;rosidl_typesupport_introspection_cpp
[0.666s] -- Found rmw_implementation_cmake: 6.1.2 (/opt/ros/humble/share/rmw_implementation_cmake/cmake)
[0.668s] -- Found rmw_fastrtps_cpp: 6.2.7 (/opt/ros/humble/share/rmw_fastrtps_cpp/cmake)
[0.741s] -- Found OpenSSL: /usr/lib/x86_64-linux-gnu/libcrypto.so (found version "3.0.2")  
[0.761s] -- Found FastRTPS: /opt/ros/humble/include  
[0.791s] -- Using RMW implementation 'rmw_fastrtps_cpp' as default
[0.800s] -- Looking for pthread.h
[0.860s] -- Looking for pthread.h - found
[0.860s] -- Performing Test CMAKE_HAVE_LIBC_PTHREAD
[0.924s] -- Performing Test CMAKE_HAVE_LIBC_PTHREAD - Success
[0.925s] -- Found Threads: TRUE  
[1.043s] -- Found eigen3_cmake_module: 0.1.1 (/opt/ros/humble/share/eigen3_cmake_module/cmake)
[1.044s] -- Found Eigen3: TRUE (found version "3.3.7") 
[1.044s] -- Ensuring Eigen3 include directory is part of orocos-kdl CMake target
[1.107s] -- Found ament_lint_auto: 0.12.11 (/opt/ros/humble/share/ament_lint_auto/cmake)
[1.125s] -- Added test 'cppcheck' to perform static code analysis on C / C++ code
[1.125s] -- Configured cppcheck include dirs: /home/hdm/tracker_plus_ttttt/tracker_plus/src/rm_buff/buff_executor/include
[1.125s] -- Configured cppcheck exclude dirs and/or files: 
[1.125s] -- Added test 'lint_cmake' to check CMake code style
[1.125s] -- Added test 'xmllint' to check XML markup files
[1.126s] -- Added test 'clang_format' to check C / C++ code style
[1.129s] -- Configuring done
[1.140s] -- Generating done
[1.144s] -- Build files have been written to: /home/hdm/tracker_plus_ttttt/tracker_plus/build/buff_executor
[1.153s] Invoked command in '/home/hdm/tracker_plus_ttttt/tracker_plus/build/buff_executor' returned '0': AMENT_PREFIX_PATH=/home/hdm/tracker_plus_ttttt/tracker_plus/install/buff_interfaces:${AMENT_PREFIX_PATH} CMAKE_PREFIX_PATH=/home/hdm/tracker_plus_ttttt/tracker_plus/install/buff_interfaces:/opt/ros/humble LD_LIBRARY_PATH=/home/hdm/tracker_plus_ttttt/tracker_plus/install/buff_interfaces/lib:${LD_LIBRARY_PATH} PYTHONPATH=/home/hdm/tracker_plus_ttttt/tracker_plus/install/buff_interfaces/local/lib/python3.10/dist-packages:${PYTHONPATH} /usr/bin/cmake /home/hdm/tracker_plus_ttttt/tracker_plus/src/rm_buff/buff_executor -DAMENT_CMAKE_SYMLINK_INSTALL=1 -DCMAKE_INSTALL_PREFIX=/home/hdm/tracker_plus_ttttt/tracker_plus/install/buff_executor
[1.153s] Invoking command in '/home/hdm/tracker_plus_ttttt/tracker_plus/build/buff_executor': AMENT_PREFIX_PATH=/home/hdm/tracker_plus_ttttt/tracker_plus/install/buff_interfaces:${AMENT_PREFIX_PATH} CMAKE_PREFIX_PATH=/home/hdm/tracker_plus_ttttt/tracker_plus/install/buff_interfaces:/opt/ros/humble LD_LIBRARY_PATH=/home/hdm/tracker_plus_ttttt/tracker_plus/install/buff_interfaces/lib:${LD_LIBRARY_PATH} PYTHONPATH=/home/hdm/tracker_plus_ttttt/tracker_plus/install/buff_interfaces/local/lib/python3.10/dist-packages:${PYTHONPATH} /usr/bin/cmake --build /home/hdm/tracker_plus_ttttt/tracker_plus/build/buff_executor -- -j24 -l24
[1.198s] [ 25%] [32mBuilding CXX object CMakeFiles/buff_executor.dir/src/BuffSolveTrajectory.cpp.o[0m
[1.199s] [ 50%] [32mBuilding CXX object CMakeFiles/buff_executor_node.dir/rclcpp_components/node_main_buff_executor_node.cpp.o[0m
[1.799s] [ 75%] [32m[1mLinking CXX shared library libbuff_executor.so[0m
[2.242s] [ 75%] Built target buff_executor
[4.103s] [100%] [32m[1mLinking CXX executable buff_executor_node[0m
[4.239s] [100%] Built target buff_executor_node
[4.253s] Invoked command in '/home/hdm/tracker_plus_ttttt/tracker_plus/build/buff_executor' returned '0': AMENT_PREFIX_PATH=/home/hdm/tracker_plus_ttttt/tracker_plus/install/buff_interfaces:${AMENT_PREFIX_PATH} CMAKE_PREFIX_PATH=/home/hdm/tracker_plus_ttttt/tracker_plus/install/buff_interfaces:/opt/ros/humble LD_LIBRARY_PATH=/home/hdm/tracker_plus_ttttt/tracker_plus/install/buff_interfaces/lib:${LD_LIBRARY_PATH} PYTHONPATH=/home/hdm/tracker_plus_ttttt/tracker_plus/install/buff_interfaces/local/lib/python3.10/dist-packages:${PYTHONPATH} /usr/bin/cmake --build /home/hdm/tracker_plus_ttttt/tracker_plus/build/buff_executor -- -j24 -l24
[4.256s] Invoking command in '/home/hdm/tracker_plus_ttttt/tracker_plus/build/buff_executor': AMENT_PREFIX_PATH=/home/hdm/tracker_plus_ttttt/tracker_plus/install/buff_interfaces:${AMENT_PREFIX_PATH} CMAKE_PREFIX_PATH=/home/hdm/tracker_plus_ttttt/tracker_plus/install/buff_interfaces:/opt/ros/humble LD_LIBRARY_PATH=/home/hdm/tracker_plus_ttttt/tracker_plus/install/buff_interfaces/lib:${LD_LIBRARY_PATH} PYTHONPATH=/home/hdm/tracker_plus_ttttt/tracker_plus/install/buff_interfaces/local/lib/python3.10/dist-packages:${PYTHONPATH} /usr/bin/cmake --install /home/hdm/tracker_plus_ttttt/tracker_plus/build/buff_executor
[4.268s] -- Install configuration: ""
[4.269s] -- Execute custom install script
[4.269s] -- Symlinking: /home/hdm/tracker_plus_ttttt/tracker_plus/install/buff_executor/lib/buff_executor/buff_executor_node
[4.283s] -- Symlinking: /home/hdm/tracker_plus_ttttt/tracker_plus/install/buff_executor/include/buff_executor/BuffSolveTrajectory.hpp
[4.297s] -- Symlinking: /home/hdm/tracker_plus_ttttt/tracker_plus/install/buff_executor/share/buff_executor/environment/library_path.sh
[4.306s] -- Symlinking: /home/hdm/tracker_plus_ttttt/tracker_plus/install/buff_executor/share/buff_executor/environment/library_path.dsv
[4.316s] -- Symlinking: /home/hdm/tracker_plus_ttttt/tracker_plus/install/buff_executor/lib/libbuff_executor.so
[4.325s] -- Symlinking: /home/hdm/tracker_plus_ttttt/tracker_plus/install/buff_executor/share/ament_index/resource_index/package_run_dependencies/buff_executor
[4.335s] -- Symlinking: /home/hdm/tracker_plus_ttttt/tracker_plus/install/buff_executor/share/ament_index/resource_index/parent_prefix_path/buff_executor
[4.345s] -- Symlinking: /home/hdm/tracker_plus_ttttt/tracker_plus/install/buff_executor/share/buff_executor/environment/ament_prefix_path.sh
[4.354s] -- Symlinking: /home/hdm/tracker_plus_ttttt/tracker_plus/install/buff_executor/share/buff_executor/environment/ament_prefix_path.dsv
[4.363s] -- Symlinking: /home/hdm/tracker_plus_ttttt/tracker_plus/install/buff_executor/share/buff_executor/environment/path.sh
[4.372s] -- Symlinking: /home/hdm/tracker_plus_ttttt/tracker_plus/install/buff_executor/share/buff_executor/environment/path.dsv
[4.382s] -- Symlinking: /home/hdm/tracker_plus_ttttt/tracker_plus/install/buff_executor/share/buff_executor/local_setup.bash
[4.392s] -- Symlinking: /home/hdm/tracker_plus_ttttt/tracker_plus/install/buff_executor/share/buff_executor/local_setup.sh
[4.401s] -- Symlinking: /home/hdm/tracker_plus_ttttt/tracker_plus/install/buff_executor/share/buff_executor/local_setup.zsh
[4.411s] -- Symlinking: /home/hdm/tracker_plus_ttttt/tracker_plus/install/buff_executor/share/buff_executor/local_setup.dsv
[4.420s] -- Symlinking: /home/hdm/tracker_plus_ttttt/tracker_plus/install/buff_executor/share/buff_executor/package.dsv
[4.431s] -- Symlinking: /home/hdm/tracker_plus_ttttt/tracker_plus/install/buff_executor/share/ament_index/resource_index/packages/buff_executor
[4.441s] -- Symlinking: /home/hdm/tracker_plus_ttttt/tracker_plus/install/buff_executor/share/ament_index/resource_index/rclcpp_components/buff_executor
[4.455s] -- Symlinking: /home/hdm/tracker_plus_ttttt/tracker_plus/install/buff_executor/share/buff_executor/cmake/ament_cmake_export_dependencies-extras.cmake
[4.473s] -- Symlinking: /home/hdm/tracker_plus_ttttt/tracker_plus/install/buff_executor/share/buff_executor/cmake/ament_cmake_export_include_directories-extras.cmake
[4.486s] -- Symlinking: /home/hdm/tracker_plus_ttttt/tracker_plus/install/buff_executor/share/buff_executor/cmake/ament_cmake_export_libraries-extras.cmake
[4.498s] -- Symlinking: /home/hdm/tracker_plus_ttttt/tracker_plus/install/buff_executor/share/buff_executor/cmake/buff_executorConfig.cmake
[4.508s] -- Symlinking: /home/hdm/tracker_plus_ttttt/tracker_plus/install/buff_executor/share/buff_executor/cmake/buff_executorConfig-version.cmake
[4.517s] -- Symlinking: /home/hdm/tracker_plus_ttttt/tracker_plus/install/buff_executor/share/buff_executor/package.xml
[4.536s] Invoked command in '/home/hdm/tracker_plus_ttttt/tracker_plus/build/buff_executor' returned '0': AMENT_PREFIX_PATH=/home/hdm/tracker_plus_ttttt/tracker_plus/install/buff_interfaces:${AMENT_PREFIX_PATH} CMAKE_PREFIX_PATH=/home/hdm/tracker_plus_ttttt/tracker_plus/install/buff_interfaces:/opt/ros/humble LD_LIBRARY_PATH=/home/hdm/tracker_plus_ttttt/tracker_plus/install/buff_interfaces/lib:${LD_LIBRARY_PATH} PYTHONPATH=/home/hdm/tracker_plus_ttttt/tracker_plus/install/buff_interfaces/local/lib/python3.10/dist-packages:${PYTHONPATH} /usr/bin/cmake --install /home/hdm/tracker_plus_ttttt/tracker_plus/build/buff_executor
