[0.014s] Invoking command in '/home/hdm/tracker_plus_ttttt/tracker_plus/build/buff_interfaces': CMAKE_PREFIX_PATH=/opt/ros/humble /usr/bin/cmake /home/hdm/tracker_plus_ttttt/tracker_plus/src/rm_buff/buff_interfaces -DAMENT_CMAKE_SYMLINK_INSTALL=1 -DCMAKE_INSTALL_PREFIX=/home/hdm/tracker_plus_ttttt/tracker_plus/install/buff_interfaces
[0.097s] -- The C compiler identification is GNU 11.4.0
[0.166s] -- The CXX compiler identification is GNU 11.4.0
[0.174s] -- Detecting C compiler ABI info
[0.242s] -- Detecting C compiler ABI info - done
[0.248s] -- Check for working C compiler: /usr/bin/cc - skipped
[0.248s] -- Detecting C compile features
[0.248s] -- Detecting C compile features - done
[0.251s] -- Detecting CXX compiler ABI info
[0.323s] -- Detecting CXX compiler ABI info - done
[0.329s] -- Check for working CXX compiler: /usr/bin/c++ - skipped
[0.329s] -- Detecting CXX compile features
[0.330s] -- Detecting CXX compile features - done
[0.332s] -- Found ament_cmake: 1.3.11 (/opt/ros/humble/share/ament_cmake/cmake)
[0.461s] -- Found Python3: /usr/bin/python3 (found version "3.10.12") found components: Interpreter 
[0.518s] -- Override CMake install command with custom implementation using symlinks instead of copying resources
[0.543s] -- Found rosidl_default_generators: 1.2.0 (/opt/ros/humble/share/rosidl_default_generators/cmake)
[0.546s] -- Using all available rosidl_typesupport_c: rosidl_typesupport_fastrtps_c;rosidl_typesupport_introspection_c
[0.552s] -- Found rosidl_adapter: 3.1.6 (/opt/ros/humble/share/rosidl_adapter/cmake)
[0.588s] -- Using all available rosidl_typesupport_cpp: rosidl_typesupport_fastrtps_cpp;rosidl_typesupport_introspection_cpp
[0.620s] -- Found std_msgs: 4.2.4 (/opt/ros/humble/share/std_msgs/cmake)
[0.641s] -- Found geometry_msgs: 4.2.4 (/opt/ros/humble/share/geometry_msgs/cmake)
[0.912s] -- Found ament_cmake_ros: 0.10.0 (/opt/ros/humble/share/ament_cmake_ros/cmake)
[1.115s] -- Using all available rosidl_typesupport_c: rosidl_typesupport_fastrtps_c;rosidl_typesupport_introspection_c
[1.401s] -- Using all available rosidl_typesupport_cpp: rosidl_typesupport_fastrtps_cpp;rosidl_typesupport_introspection_cpp
[1.421s] -- Found PythonInterp: /usr/bin/python3 (found suitable version "3.10.12", minimum required is "3.6") 
[1.422s] -- Found python_cmake_module: 0.10.0 (/opt/ros/humble/share/python_cmake_module/cmake)
[1.446s] -- Found PythonLibs: /usr/lib/x86_64-linux-gnu/libpython3.10.so (found suitable version "3.10.12", minimum required is "3.5") 
[1.446s] -- Using PYTHON_EXECUTABLE: /usr/bin/python3
[1.446s] -- Using PYTHON_INCLUDE_DIRS: /usr/include/python3.10
[1.447s] -- Using PYTHON_LIBRARIES: /usr/lib/x86_64-linux-gnu/libpython3.10.so
[1.467s] -- Found PythonExtra: .so  
[1.534s] -- Configuring done
[1.575s] -- Generating done
[1.585s] -- Build files have been written to: /home/hdm/tracker_plus_ttttt/tracker_plus/build/buff_interfaces
[1.591s] Invoked command in '/home/hdm/tracker_plus_ttttt/tracker_plus/build/buff_interfaces' returned '0': CMAKE_PREFIX_PATH=/opt/ros/humble /usr/bin/cmake /home/hdm/tracker_plus_ttttt/tracker_plus/src/rm_buff/buff_interfaces -DAMENT_CMAKE_SYMLINK_INSTALL=1 -DCMAKE_INSTALL_PREFIX=/home/hdm/tracker_plus_ttttt/tracker_plus/install/buff_interfaces
[1.593s] Invoking command in '/home/hdm/tracker_plus_ttttt/tracker_plus/build/buff_interfaces': CMAKE_PREFIX_PATH=/opt/ros/humble /usr/bin/cmake --build /home/hdm/tracker_plus_ttttt/tracker_plus/build/buff_interfaces -- -j24 -l24
[1.640s] [  1%] [34m[1mGenerating C code for ROS interfaces[0m
[1.647s] [  2%] [34m[1mGenerating C++ code for ROS interfaces[0m
[1.659s] [  2%] Built target ament_cmake_python_symlink_buff_interfaces
[1.944s] running egg_info
[1.945s] creating buff_interfaces.egg-info
[1.945s] writing buff_interfaces.egg-info/PKG-INFO
[1.945s] writing dependency_links to buff_interfaces.egg-info/dependency_links.txt
[1.946s] writing top-level names to buff_interfaces.egg-info/top_level.txt
[1.946s] writing manifest file 'buff_interfaces.egg-info/SOURCES.txt'
[1.948s] reading manifest file 'buff_interfaces.egg-info/SOURCES.txt'
[1.948s] writing manifest file 'buff_interfaces.egg-info/SOURCES.txt'
[1.979s] [  2%] Built target ament_cmake_python_build_buff_interfaces_egg
[2.313s] [  2%] Built target buff_interfaces__cpp
[2.324s] [  3%] [34m[1mGenerating C++ type support for eProsima Fast-RTPS[0m
[2.324s] [  4%] [34m[1mGenerating C++ type support dispatch for ROS interfaces[0m
[2.325s] [  5%] [34m[1mGenerating C++ introspection for ROS interfaces[0m
[2.348s] [  6%] [32mBuilding C object CMakeFiles/buff_interfaces__rosidl_generator_c.dir/rosidl_generator_c/buff_interfaces/msg/detail/rune__functions.c.o[0m
[2.351s] [  7%] [32mBuilding C object CMakeFiles/buff_interfaces__rosidl_generator_c.dir/rosidl_generator_c/buff_interfaces/msg/detail/rune_info__functions.c.o[0m
[2.351s] [  8%] [32mBuilding C object CMakeFiles/buff_interfaces__rosidl_generator_c.dir/rosidl_generator_c/buff_interfaces/msg/detail/velocity__functions.c.o[0m
[2.351s] [  9%] [32mBuilding C object CMakeFiles/buff_interfaces__rosidl_generator_c.dir/rosidl_generator_c/buff_interfaces/msg/detail/buff_send__functions.c.o[0m
[2.352s] [ 12%] [32mBuilding C object CMakeFiles/buff_interfaces__rosidl_generator_c.dir/rosidl_generator_c/buff_interfaces/msg/detail/time_info__functions.c.o[0m
[2.352s] [ 12%] [32mBuilding C object CMakeFiles/buff_interfaces__rosidl_generator_c.dir/rosidl_generator_c/buff_interfaces/msg/detail/blade__functions.c.o[0m
[2.352s] [ 12%] [32mBuilding C object CMakeFiles/buff_interfaces__rosidl_generator_c.dir/rosidl_generator_c/buff_interfaces/msg/detail/blade_array__functions.c.o[0m
[2.353s] [ 13%] [32mBuilding C object CMakeFiles/buff_interfaces__rosidl_generator_c.dir/rosidl_generator_c/buff_interfaces/msg/detail/debug_blade__functions.c.o[0m
[2.353s] [ 14%] [32mBuilding C object CMakeFiles/buff_interfaces__rosidl_generator_c.dir/rosidl_generator_c/buff_interfaces/msg/detail/debug_blade_array__functions.c.o[0m
[2.442s] [ 15%] [32m[1mLinking C shared library libbuff_interfaces__rosidl_generator_c.so[0m
[2.499s] [ 15%] Built target buff_interfaces__rosidl_generator_c
[2.512s] [ 16%] [34m[1mGenerating C type support for eProsima Fast-RTPS[0m
[2.516s] [ 18%] [34m[1mGenerating C introspection for ROS interfaces[0m
[2.516s] [ 18%] [34m[1mGenerating C type support dispatch for ROS interfaces[0m
[3.010s] [ 22%] [32mBuilding CXX object CMakeFiles/buff_interfaces__rosidl_typesupport_c.dir/rosidl_typesupport_c/buff_interfaces/msg/debug_blade__type_support.cpp.o[0m
[3.010s] [ 22%] [32mBuilding CXX object CMakeFiles/buff_interfaces__rosidl_typesupport_c.dir/rosidl_typesupport_c/buff_interfaces/msg/rune_info__type_support.cpp.o[0m
[3.010s] [ 22%] [32mBuilding CXX object CMakeFiles/buff_interfaces__rosidl_typesupport_c.dir/rosidl_typesupport_c/buff_interfaces/msg/rune__type_support.cpp.o[0m
[3.012s] [ 23%] [32mBuilding CXX object CMakeFiles/buff_interfaces__rosidl_typesupport_c.dir/rosidl_typesupport_c/buff_interfaces/msg/velocity__type_support.cpp.o[0m
[3.012s] [ 24%] [32mBuilding CXX object CMakeFiles/buff_interfaces__rosidl_typesupport_c.dir/rosidl_typesupport_c/buff_interfaces/msg/time_info__type_support.cpp.o[0m
[3.020s] [ 25%] [32mBuilding CXX object CMakeFiles/buff_interfaces__rosidl_typesupport_c.dir/rosidl_typesupport_c/buff_interfaces/msg/blade__type_support.cpp.o[0m
[3.022s] [ 26%] [32mBuilding CXX object CMakeFiles/buff_interfaces__rosidl_typesupport_fastrtps_cpp.dir/rosidl_typesupport_fastrtps_cpp/buff_interfaces/msg/detail/dds_fastrtps/blade__type_support.cpp.o[0m
[3.022s] [ 28%] [32mBuilding CXX object CMakeFiles/buff_interfaces__rosidl_typesupport_fastrtps_cpp.dir/rosidl_typesupport_fastrtps_cpp/buff_interfaces/msg/detail/dds_fastrtps/blade_array__type_support.cpp.o[0m
[3.023s] [ 28%] [32mBuilding CXX object CMakeFiles/buff_interfaces__rosidl_typesupport_c.dir/rosidl_typesupport_c/buff_interfaces/msg/debug_blade_array__type_support.cpp.o[0m
[3.024s] [ 29%] [32mBuilding CXX object CMakeFiles/buff_interfaces__rosidl_typesupport_c.dir/rosidl_typesupport_c/buff_interfaces/msg/blade_array__type_support.cpp.o[0m
[3.037s] [ 30%] [32mBuilding CXX object CMakeFiles/buff_interfaces__rosidl_typesupport_c.dir/rosidl_typesupport_c/buff_interfaces/msg/buff_send__type_support.cpp.o[0m
[3.040s] [ 32%] [32mBuilding CXX object CMakeFiles/buff_interfaces__rosidl_typesupport_fastrtps_cpp.dir/rosidl_typesupport_fastrtps_cpp/buff_interfaces/msg/detail/dds_fastrtps/time_info__type_support.cpp.o[0m
[3.040s] [ 31%] [32mBuilding CXX object CMakeFiles/buff_interfaces__rosidl_typesupport_fastrtps_cpp.dir/rosidl_typesupport_fastrtps_cpp/buff_interfaces/msg/detail/dds_fastrtps/debug_blade__type_support.cpp.o[0m
[3.044s] [ 33%] [32mBuilding CXX object CMakeFiles/buff_interfaces__rosidl_typesupport_fastrtps_cpp.dir/rosidl_typesupport_fastrtps_cpp/buff_interfaces/msg/detail/dds_fastrtps/velocity__type_support.cpp.o[0m
[3.049s] [ 34%] [32mBuilding CXX object CMakeFiles/buff_interfaces__rosidl_typesupport_fastrtps_cpp.dir/rosidl_typesupport_fastrtps_cpp/buff_interfaces/msg/detail/dds_fastrtps/rune_info__type_support.cpp.o[0m
[3.051s] [ 35%] [32mBuilding CXX object CMakeFiles/buff_interfaces__rosidl_typesupport_fastrtps_cpp.dir/rosidl_typesupport_fastrtps_cpp/buff_interfaces/msg/detail/dds_fastrtps/rune__type_support.cpp.o[0m
[3.057s] [ 36%] [32mBuilding CXX object CMakeFiles/buff_interfaces__rosidl_typesupport_fastrtps_cpp.dir/rosidl_typesupport_fastrtps_cpp/buff_interfaces/msg/detail/dds_fastrtps/buff_send__type_support.cpp.o[0m
[3.062s] [ 37%] [32mBuilding CXX object CMakeFiles/buff_interfaces__rosidl_typesupport_cpp.dir/rosidl_typesupport_cpp/buff_interfaces/msg/blade__type_support.cpp.o[0m
[3.070s] [ 38%] [32mBuilding CXX object CMakeFiles/buff_interfaces__rosidl_typesupport_cpp.dir/rosidl_typesupport_cpp/buff_interfaces/msg/debug_blade_array__type_support.cpp.o[0m
[3.075s] [ 40%] [32mBuilding CXX object CMakeFiles/buff_interfaces__rosidl_typesupport_cpp.dir/rosidl_typesupport_cpp/buff_interfaces/msg/rune__type_support.cpp.o[0m
[3.076s] [ 41%] [32mBuilding CXX object CMakeFiles/buff_interfaces__rosidl_typesupport_cpp.dir/rosidl_typesupport_cpp/buff_interfaces/msg/debug_blade__type_support.cpp.o[0m
[3.083s] [ 42%] [32mBuilding CXX object CMakeFiles/buff_interfaces__rosidl_typesupport_cpp.dir/rosidl_typesupport_cpp/buff_interfaces/msg/rune_info__type_support.cpp.o[0m
[3.083s] [ 43%] [32mBuilding CXX object CMakeFiles/buff_interfaces__rosidl_typesupport_fastrtps_cpp.dir/rosidl_typesupport_fastrtps_cpp/buff_interfaces/msg/detail/dds_fastrtps/debug_blade_array__type_support.cpp.o[0m
[3.085s] [ 45%] [32mBuilding CXX object CMakeFiles/buff_interfaces__rosidl_typesupport_cpp.dir/rosidl_typesupport_cpp/buff_interfaces/msg/velocity__type_support.cpp.o[0m
[3.086s] [ 44%] [32mBuilding CXX object CMakeFiles/buff_interfaces__rosidl_typesupport_cpp.dir/rosidl_typesupport_cpp/buff_interfaces/msg/blade_array__type_support.cpp.o[0m
[3.088s] [ 46%] [32mBuilding CXX object CMakeFiles/buff_interfaces__rosidl_typesupport_cpp.dir/rosidl_typesupport_cpp/buff_interfaces/msg/time_info__type_support.cpp.o[0m
[3.171s] [ 47%] [32mBuilding CXX object CMakeFiles/buff_interfaces__rosidl_typesupport_cpp.dir/rosidl_typesupport_cpp/buff_interfaces/msg/buff_send__type_support.cpp.o[0m
[3.214s] [ 48%] [32m[1mLinking CXX shared library libbuff_interfaces__rosidl_typesupport_c.so[0m
[3.460s] [ 48%] Built target buff_interfaces__rosidl_typesupport_c
[3.673s] [ 49%] [32mBuilding C object CMakeFiles/buff_interfaces__rosidl_typesupport_introspection_c.dir/rosidl_typesupport_introspection_c/buff_interfaces/msg/detail/blade__type_support.c.o[0m
[3.684s] [ 50%] [32mBuilding CXX object CMakeFiles/buff_interfaces__rosidl_typesupport_introspection_cpp.dir/rosidl_typesupport_introspection_cpp/buff_interfaces/msg/detail/blade__type_support.cpp.o[0m
[3.685s] [ 51%] [32mBuilding CXX object CMakeFiles/buff_interfaces__rosidl_typesupport_introspection_cpp.dir/rosidl_typesupport_introspection_cpp/buff_interfaces/msg/detail/blade_array__type_support.cpp.o[0m
[3.688s] [ 52%] [32mBuilding C object CMakeFiles/buff_interfaces__rosidl_typesupport_introspection_c.dir/rosidl_typesupport_introspection_c/buff_interfaces/msg/detail/debug_blade__type_support.c.o[0m
[3.693s] [ 53%] [32mBuilding C object CMakeFiles/buff_interfaces__rosidl_typesupport_introspection_c.dir/rosidl_typesupport_introspection_c/buff_interfaces/msg/detail/debug_blade_array__type_support.c.o[0m
[3.698s] [ 54%] [32mBuilding C object CMakeFiles/buff_interfaces__rosidl_typesupport_introspection_c.dir/rosidl_typesupport_introspection_c/buff_interfaces/msg/detail/rune__type_support.c.o[0m
[3.704s] [ 55%] [32mBuilding CXX object CMakeFiles/buff_interfaces__rosidl_typesupport_fastrtps_c.dir/rosidl_typesupport_fastrtps_c/buff_interfaces/msg/detail/blade__type_support_c.cpp.o[0m
[3.715s] [ 56%] [32mBuilding C object CMakeFiles/buff_interfaces__rosidl_typesupport_introspection_c.dir/rosidl_typesupport_introspection_c/buff_interfaces/msg/detail/blade_array__type_support.c.o[0m
[3.744s] [ 57%] [32mBuilding CXX object CMakeFiles/buff_interfaces__rosidl_typesupport_fastrtps_c.dir/rosidl_typesupport_fastrtps_c/buff_interfaces/msg/detail/debug_blade__type_support_c.cpp.o[0m
[3.749s] [ 58%] [32mBuilding CXX object CMakeFiles/buff_interfaces__rosidl_typesupport_fastrtps_c.dir/rosidl_typesupport_fastrtps_c/buff_interfaces/msg/detail/blade_array__type_support_c.cpp.o[0m
[3.773s] [ 60%] [32mBuilding C object CMakeFiles/buff_interfaces__rosidl_typesupport_introspection_c.dir/rosidl_typesupport_introspection_c/buff_interfaces/msg/detail/rune_info__type_support.c.o[0m
[3.833s] [ 61%] [32mBuilding CXX object CMakeFiles/buff_interfaces__rosidl_typesupport_fastrtps_c.dir/rosidl_typesupport_fastrtps_c/buff_interfaces/msg/detail/debug_blade_array__type_support_c.cpp.o[0m
[3.843s] [ 62%] [32mBuilding C object CMakeFiles/buff_interfaces__rosidl_typesupport_introspection_c.dir/rosidl_typesupport_introspection_c/buff_interfaces/msg/detail/time_info__type_support.c.o[0m
[3.844s] [ 63%] [32mBuilding CXX object CMakeFiles/buff_interfaces__rosidl_typesupport_introspection_cpp.dir/rosidl_typesupport_introspection_cpp/buff_interfaces/msg/detail/debug_blade__type_support.cpp.o[0m
[3.884s] [ 64%] [32mBuilding CXX object CMakeFiles/buff_interfaces__rosidl_typesupport_fastrtps_c.dir/rosidl_typesupport_fastrtps_c/buff_interfaces/msg/detail/rune__type_support_c.cpp.o[0m
[3.890s] [ 65%] [32mBuilding CXX object CMakeFiles/buff_interfaces__rosidl_typesupport_introspection_cpp.dir/rosidl_typesupport_introspection_cpp/buff_interfaces/msg/detail/debug_blade_array__type_support.cpp.o[0m
[3.906s] [ 66%] [32mBuilding CXX object CMakeFiles/buff_interfaces__rosidl_typesupport_fastrtps_c.dir/rosidl_typesupport_fastrtps_c/buff_interfaces/msg/detail/rune_info__type_support_c.cpp.o[0m
[3.925s] [ 67%] [32mBuilding C object CMakeFiles/buff_interfaces__rosidl_typesupport_introspection_c.dir/rosidl_typesupport_introspection_c/buff_interfaces/msg/detail/velocity__type_support.c.o[0m
[4.001s] [ 68%] [32mBuilding CXX object CMakeFiles/buff_interfaces__rosidl_typesupport_fastrtps_c.dir/rosidl_typesupport_fastrtps_c/buff_interfaces/msg/detail/velocity__type_support_c.cpp.o[0m
[4.029s] [ 69%] [32mBuilding CXX object CMakeFiles/buff_interfaces__rosidl_typesupport_fastrtps_c.dir/rosidl_typesupport_fastrtps_c/buff_interfaces/msg/detail/time_info__type_support_c.cpp.o[0m
[4.039s] [ 70%] [32mBuilding CXX object CMakeFiles/buff_interfaces__rosidl_typesupport_introspection_cpp.dir/rosidl_typesupport_introspection_cpp/buff_interfaces/msg/detail/rune__type_support.cpp.o[0m
[4.057s] [ 71%] [32mBuilding CXX object CMakeFiles/buff_interfaces__rosidl_typesupport_introspection_cpp.dir/rosidl_typesupport_introspection_cpp/buff_interfaces/msg/detail/rune_info__type_support.cpp.o[0m
[4.089s] [ 72%] [32mBuilding CXX object CMakeFiles/buff_interfaces__rosidl_typesupport_introspection_cpp.dir/rosidl_typesupport_introspection_cpp/buff_interfaces/msg/detail/time_info__type_support.cpp.o[0m
[4.113s] [ 73%] [32mBuilding CXX object CMakeFiles/buff_interfaces__rosidl_typesupport_introspection_cpp.dir/rosidl_typesupport_introspection_cpp/buff_interfaces/msg/detail/velocity__type_support.cpp.o[0m
[4.120s] [ 74%] [32mBuilding CXX object CMakeFiles/buff_interfaces__rosidl_typesupport_fastrtps_c.dir/rosidl_typesupport_fastrtps_c/buff_interfaces/msg/detail/buff_send__type_support_c.cpp.o[0m
[4.139s] [ 75%] [32mBuilding CXX object CMakeFiles/buff_interfaces__rosidl_typesupport_introspection_cpp.dir/rosidl_typesupport_introspection_cpp/buff_interfaces/msg/detail/buff_send__type_support.cpp.o[0m
[4.151s] [ 76%] [32mBuilding C object CMakeFiles/buff_interfaces__rosidl_typesupport_introspection_c.dir/rosidl_typesupport_introspection_c/buff_interfaces/msg/detail/buff_send__type_support.c.o[0m
[4.263s] [ 77%] [32m[1mLinking C shared library libbuff_interfaces__rosidl_typesupport_introspection_c.so[0m
[4.378s] [ 77%] Built target buff_interfaces__rosidl_typesupport_introspection_c
[4.657s] [ 78%] [32m[1mLinking CXX shared library libbuff_interfaces__rosidl_typesupport_cpp.so[0m
[4.797s] [ 78%] Built target buff_interfaces__rosidl_typesupport_cpp
[5.563s] [ 80%] [32m[1mLinking CXX shared library libbuff_interfaces__rosidl_typesupport_fastrtps_cpp.so[0m
[5.830s] [ 80%] Built target buff_interfaces__rosidl_typesupport_fastrtps_cpp
[5.985s] [ 81%] [32m[1mLinking CXX shared library libbuff_interfaces__rosidl_typesupport_fastrtps_c.so[0m
[6.198s] [ 81%] Built target buff_interfaces__rosidl_typesupport_fastrtps_c
[6.723s] [ 82%] [32m[1mLinking CXX shared library libbuff_interfaces__rosidl_typesupport_introspection_cpp.so[0m
[6.897s] [ 82%] Built target buff_interfaces__rosidl_typesupport_introspection_cpp
[6.930s] [ 82%] Built target buff_interfaces
[6.962s] [ 83%] [34m[1mGenerating Python code for ROS interfaces[0m
[7.832s] [ 83%] Built target buff_interfaces__py
[7.853s] [ 84%] [32mBuilding C object CMakeFiles/buff_interfaces__rosidl_generator_py.dir/rosidl_generator_py/buff_interfaces/msg/_blade_s.c.o[0m
[7.853s] [ 85%] [32mBuilding C object CMakeFiles/buff_interfaces__rosidl_generator_py.dir/rosidl_generator_py/buff_interfaces/msg/_debug_blade_s.c.o[0m
[7.854s] [ 86%] [32mBuilding C object CMakeFiles/buff_interfaces__rosidl_generator_py.dir/rosidl_generator_py/buff_interfaces/msg/_rune_s.c.o[0m
[7.854s] [ 87%] [32mBuilding C object CMakeFiles/buff_interfaces__rosidl_generator_py.dir/rosidl_generator_py/buff_interfaces/msg/_time_info_s.c.o[0m
[7.854s] [ 88%] [32mBuilding C object CMakeFiles/buff_interfaces__rosidl_generator_py.dir/rosidl_generator_py/buff_interfaces/msg/_buff_send_s.c.o[0m
[7.855s] [ 89%] [32mBuilding C object CMakeFiles/buff_interfaces__rosidl_generator_py.dir/rosidl_generator_py/buff_interfaces/msg/_debug_blade_array_s.c.o[0m
[7.856s] [ 90%] [32mBuilding C object CMakeFiles/buff_interfaces__rosidl_generator_py.dir/rosidl_generator_py/buff_interfaces/msg/_blade_array_s.c.o[0m
[7.858s] [ 91%] [32mBuilding C object CMakeFiles/buff_interfaces__rosidl_generator_py.dir/rosidl_generator_py/buff_interfaces/msg/_rune_info_s.c.o[0m
[7.859s] [ 92%] [32mBuilding C object CMakeFiles/buff_interfaces__rosidl_generator_py.dir/rosidl_generator_py/buff_interfaces/msg/_velocity_s.c.o[0m
[7.982s] [ 93%] [32m[1mLinking C shared library rosidl_generator_py/buff_interfaces/libbuff_interfaces__rosidl_generator_py.so[0m
[8.020s] [ 93%] Built target buff_interfaces__rosidl_generator_py
[8.038s] [ 94%] [32mBuilding C object CMakeFiles/buff_interfaces__rosidl_typesupport_fastrtps_c__pyext.dir/rosidl_generator_py/buff_interfaces/_buff_interfaces_s.ep.rosidl_typesupport_fastrtps_c.c.o[0m
[8.038s] [ 95%] [32mBuilding C object CMakeFiles/buff_interfaces__rosidl_typesupport_introspection_c__pyext.dir/rosidl_generator_py/buff_interfaces/_buff_interfaces_s.ep.rosidl_typesupport_introspection_c.c.o[0m
[8.039s] [ 96%] [32mBuilding C object CMakeFiles/buff_interfaces__rosidl_typesupport_c__pyext.dir/rosidl_generator_py/buff_interfaces/_buff_interfaces_s.ep.rosidl_typesupport_c.c.o[0m
[8.126s] [ 98%] [32m[1mLinking C shared library rosidl_generator_py/buff_interfaces/buff_interfaces_s__rosidl_typesupport_c.cpython-310-x86_64-linux-gnu.so[0m
[8.127s] [ 98%] [32m[1mLinking C shared library rosidl_generator_py/buff_interfaces/buff_interfaces_s__rosidl_typesupport_fastrtps_c.cpython-310-x86_64-linux-gnu.so[0m
[8.127s] [100%] [32m[1mLinking C shared library rosidl_generator_py/buff_interfaces/buff_interfaces_s__rosidl_typesupport_introspection_c.cpython-310-x86_64-linux-gnu.so[0m
[8.165s] [100%] Built target buff_interfaces__rosidl_typesupport_c__pyext
[8.165s] [100%] Built target buff_interfaces__rosidl_typesupport_introspection_c__pyext
[8.165s] [100%] Built target buff_interfaces__rosidl_typesupport_fastrtps_c__pyext
[8.176s] Invoked command in '/home/hdm/tracker_plus_ttttt/tracker_plus/build/buff_interfaces' returned '0': CMAKE_PREFIX_PATH=/opt/ros/humble /usr/bin/cmake --build /home/hdm/tracker_plus_ttttt/tracker_plus/build/buff_interfaces -- -j24 -l24
[8.178s] Invoking command in '/home/hdm/tracker_plus_ttttt/tracker_plus/build/buff_interfaces': CMAKE_PREFIX_PATH=/opt/ros/humble /usr/bin/cmake --install /home/hdm/tracker_plus_ttttt/tracker_plus/build/buff_interfaces
[8.184s] -- Install configuration: ""
[8.185s] -- Execute custom install script
[8.185s] -- Symlinking: /home/hdm/tracker_plus_ttttt/tracker_plus/install/buff_interfaces/share/ament_index/resource_index/rosidl_interfaces/buff_interfaces
[8.191s] -- Symlinking: /home/hdm/tracker_plus_ttttt/tracker_plus/install/buff_interfaces/include/buff_interfaces/buff_interfaces/msg/blade.h
[8.197s] -- Symlinking: /home/hdm/tracker_plus_ttttt/tracker_plus/install/buff_interfaces/include/buff_interfaces/buff_interfaces/msg/blade_array.h
[8.205s] -- Symlinking: /home/hdm/tracker_plus_ttttt/tracker_plus/install/buff_interfaces/include/buff_interfaces/buff_interfaces/msg/buff_send.h
[8.211s] -- Symlinking: /home/hdm/tracker_plus_ttttt/tracker_plus/install/buff_interfaces/include/buff_interfaces/buff_interfaces/msg/debug_blade.h
[8.216s] -- Symlinking: /home/hdm/tracker_plus_ttttt/tracker_plus/install/buff_interfaces/include/buff_interfaces/buff_interfaces/msg/debug_blade_array.h
[8.221s] -- Symlinking: /home/hdm/tracker_plus_ttttt/tracker_plus/install/buff_interfaces/include/buff_interfaces/buff_interfaces/msg/detail/blade__functions.h
[8.229s] -- Symlinking: /home/hdm/tracker_plus_ttttt/tracker_plus/install/buff_interfaces/include/buff_interfaces/buff_interfaces/msg/detail/blade__struct.h
[8.234s] -- Symlinking: /home/hdm/tracker_plus_ttttt/tracker_plus/install/buff_interfaces/include/buff_interfaces/buff_interfaces/msg/detail/blade__type_support.h
[8.239s] -- Symlinking: /home/hdm/tracker_plus_ttttt/tracker_plus/install/buff_interfaces/include/buff_interfaces/buff_interfaces/msg/detail/blade_array__functions.h
[8.245s] -- Symlinking: /home/hdm/tracker_plus_ttttt/tracker_plus/install/buff_interfaces/include/buff_interfaces/buff_interfaces/msg/detail/blade_array__struct.h
[8.253s] -- Symlinking: /home/hdm/tracker_plus_ttttt/tracker_plus/install/buff_interfaces/include/buff_interfaces/buff_interfaces/msg/detail/blade_array__type_support.h
[8.259s] -- Symlinking: /home/hdm/tracker_plus_ttttt/tracker_plus/install/buff_interfaces/include/buff_interfaces/buff_interfaces/msg/detail/buff_send__functions.h
[8.265s] -- Symlinking: /home/hdm/tracker_plus_ttttt/tracker_plus/install/buff_interfaces/include/buff_interfaces/buff_interfaces/msg/detail/buff_send__struct.h
[8.270s] -- Symlinking: /home/hdm/tracker_plus_ttttt/tracker_plus/install/buff_interfaces/include/buff_interfaces/buff_interfaces/msg/detail/buff_send__type_support.h
[8.276s] -- Symlinking: /home/hdm/tracker_plus_ttttt/tracker_plus/install/buff_interfaces/include/buff_interfaces/buff_interfaces/msg/detail/debug_blade__functions.h
[8.282s] -- Symlinking: /home/hdm/tracker_plus_ttttt/tracker_plus/install/buff_interfaces/include/buff_interfaces/buff_interfaces/msg/detail/debug_blade__struct.h
[8.288s] -- Symlinking: /home/hdm/tracker_plus_ttttt/tracker_plus/install/buff_interfaces/include/buff_interfaces/buff_interfaces/msg/detail/debug_blade__type_support.h
[8.293s] -- Symlinking: /home/hdm/tracker_plus_ttttt/tracker_plus/install/buff_interfaces/include/buff_interfaces/buff_interfaces/msg/detail/debug_blade_array__functions.h
[8.300s] -- Symlinking: /home/hdm/tracker_plus_ttttt/tracker_plus/install/buff_interfaces/include/buff_interfaces/buff_interfaces/msg/detail/debug_blade_array__struct.h
[8.306s] -- Symlinking: /home/hdm/tracker_plus_ttttt/tracker_plus/install/buff_interfaces/include/buff_interfaces/buff_interfaces/msg/detail/debug_blade_array__type_support.h
[8.311s] -- Symlinking: /home/hdm/tracker_plus_ttttt/tracker_plus/install/buff_interfaces/include/buff_interfaces/buff_interfaces/msg/detail/rune__functions.h
[8.317s] -- Symlinking: /home/hdm/tracker_plus_ttttt/tracker_plus/install/buff_interfaces/include/buff_interfaces/buff_interfaces/msg/detail/rune__struct.h
[8.322s] -- Symlinking: /home/hdm/tracker_plus_ttttt/tracker_plus/install/buff_interfaces/include/buff_interfaces/buff_interfaces/msg/detail/rune__type_support.h
[8.328s] -- Symlinking: /home/hdm/tracker_plus_ttttt/tracker_plus/install/buff_interfaces/include/buff_interfaces/buff_interfaces/msg/detail/rune_info__functions.h
[8.335s] -- Symlinking: /home/hdm/tracker_plus_ttttt/tracker_plus/install/buff_interfaces/include/buff_interfaces/buff_interfaces/msg/detail/rune_info__struct.h
[8.341s] -- Symlinking: /home/hdm/tracker_plus_ttttt/tracker_plus/install/buff_interfaces/include/buff_interfaces/buff_interfaces/msg/detail/rune_info__type_support.h
[8.346s] -- Symlinking: /home/hdm/tracker_plus_ttttt/tracker_plus/install/buff_interfaces/include/buff_interfaces/buff_interfaces/msg/detail/time_info__functions.h
[8.352s] -- Symlinking: /home/hdm/tracker_plus_ttttt/tracker_plus/install/buff_interfaces/include/buff_interfaces/buff_interfaces/msg/detail/time_info__struct.h
[8.359s] -- Symlinking: /home/hdm/tracker_plus_ttttt/tracker_plus/install/buff_interfaces/include/buff_interfaces/buff_interfaces/msg/detail/time_info__type_support.h
[8.364s] -- Symlinking: /home/hdm/tracker_plus_ttttt/tracker_plus/install/buff_interfaces/include/buff_interfaces/buff_interfaces/msg/detail/velocity__functions.h
[8.370s] -- Symlinking: /home/hdm/tracker_plus_ttttt/tracker_plus/install/buff_interfaces/include/buff_interfaces/buff_interfaces/msg/detail/velocity__struct.h
[8.377s] -- Symlinking: /home/hdm/tracker_plus_ttttt/tracker_plus/install/buff_interfaces/include/buff_interfaces/buff_interfaces/msg/detail/velocity__type_support.h
[8.383s] -- Symlinking: /home/hdm/tracker_plus_ttttt/tracker_plus/install/buff_interfaces/include/buff_interfaces/buff_interfaces/msg/rosidl_generator_c__visibility_control.h
[8.389s] -- Symlinking: /home/hdm/tracker_plus_ttttt/tracker_plus/install/buff_interfaces/include/buff_interfaces/buff_interfaces/msg/rune.h
[8.394s] -- Symlinking: /home/hdm/tracker_plus_ttttt/tracker_plus/install/buff_interfaces/include/buff_interfaces/buff_interfaces/msg/rune_info.h
[8.401s] -- Symlinking: /home/hdm/tracker_plus_ttttt/tracker_plus/install/buff_interfaces/include/buff_interfaces/buff_interfaces/msg/time_info.h
[8.408s] -- Symlinking: /home/hdm/tracker_plus_ttttt/tracker_plus/install/buff_interfaces/include/buff_interfaces/buff_interfaces/msg/velocity.h
[8.414s] -- Symlinking: /home/hdm/tracker_plus_ttttt/tracker_plus/install/buff_interfaces/share/buff_interfaces/environment/library_path.sh
[8.419s] -- Symlinking: /home/hdm/tracker_plus_ttttt/tracker_plus/install/buff_interfaces/share/buff_interfaces/environment/library_path.dsv
[8.426s] -- Symlinking: /home/hdm/tracker_plus_ttttt/tracker_plus/install/buff_interfaces/include/buff_interfaces/buff_interfaces/msg/detail/blade__rosidl_typesupport_fastrtps_c.h
[8.432s] -- Symlinking: /home/hdm/tracker_plus_ttttt/tracker_plus/install/buff_interfaces/include/buff_interfaces/buff_interfaces/msg/detail/blade_array__rosidl_typesupport_fastrtps_c.h
[8.438s] -- Symlinking: /home/hdm/tracker_plus_ttttt/tracker_plus/install/buff_interfaces/include/buff_interfaces/buff_interfaces/msg/detail/buff_send__rosidl_typesupport_fastrtps_c.h
[8.444s] -- Symlinking: /home/hdm/tracker_plus_ttttt/tracker_plus/install/buff_interfaces/include/buff_interfaces/buff_interfaces/msg/detail/debug_blade__rosidl_typesupport_fastrtps_c.h
[8.450s] -- Symlinking: /home/hdm/tracker_plus_ttttt/tracker_plus/install/buff_interfaces/include/buff_interfaces/buff_interfaces/msg/detail/debug_blade_array__rosidl_typesupport_fastrtps_c.h
[8.458s] -- Symlinking: /home/hdm/tracker_plus_ttttt/tracker_plus/install/buff_interfaces/include/buff_interfaces/buff_interfaces/msg/detail/rune__rosidl_typesupport_fastrtps_c.h
[8.463s] -- Symlinking: /home/hdm/tracker_plus_ttttt/tracker_plus/install/buff_interfaces/include/buff_interfaces/buff_interfaces/msg/detail/rune_info__rosidl_typesupport_fastrtps_c.h
[8.469s] -- Symlinking: /home/hdm/tracker_plus_ttttt/tracker_plus/install/buff_interfaces/include/buff_interfaces/buff_interfaces/msg/detail/time_info__rosidl_typesupport_fastrtps_c.h
[8.474s] -- Symlinking: /home/hdm/tracker_plus_ttttt/tracker_plus/install/buff_interfaces/include/buff_interfaces/buff_interfaces/msg/detail/velocity__rosidl_typesupport_fastrtps_c.h
[8.481s] -- Symlinking: /home/hdm/tracker_plus_ttttt/tracker_plus/install/buff_interfaces/include/buff_interfaces/buff_interfaces/msg/rosidl_typesupport_fastrtps_c__visibility_control.h
[8.487s] -- Symlinking: /home/hdm/tracker_plus_ttttt/tracker_plus/install/buff_interfaces/include/buff_interfaces/buff_interfaces/msg/detail/blade__rosidl_typesupport_introspection_c.h
[8.494s] -- Symlinking: /home/hdm/tracker_plus_ttttt/tracker_plus/install/buff_interfaces/include/buff_interfaces/buff_interfaces/msg/detail/blade_array__rosidl_typesupport_introspection_c.h
[8.502s] -- Symlinking: /home/hdm/tracker_plus_ttttt/tracker_plus/install/buff_interfaces/include/buff_interfaces/buff_interfaces/msg/detail/buff_send__rosidl_typesupport_introspection_c.h
[8.508s] -- Symlinking: /home/hdm/tracker_plus_ttttt/tracker_plus/install/buff_interfaces/include/buff_interfaces/buff_interfaces/msg/detail/debug_blade__rosidl_typesupport_introspection_c.h
[8.513s] -- Symlinking: /home/hdm/tracker_plus_ttttt/tracker_plus/install/buff_interfaces/include/buff_interfaces/buff_interfaces/msg/detail/debug_blade_array__rosidl_typesupport_introspection_c.h
[8.520s] -- Symlinking: /home/hdm/tracker_plus_ttttt/tracker_plus/install/buff_interfaces/include/buff_interfaces/buff_interfaces/msg/detail/rune__rosidl_typesupport_introspection_c.h
[8.526s] -- Symlinking: /home/hdm/tracker_plus_ttttt/tracker_plus/install/buff_interfaces/include/buff_interfaces/buff_interfaces/msg/detail/rune_info__rosidl_typesupport_introspection_c.h
[8.532s] -- Symlinking: /home/hdm/tracker_plus_ttttt/tracker_plus/install/buff_interfaces/include/buff_interfaces/buff_interfaces/msg/detail/time_info__rosidl_typesupport_introspection_c.h
[8.538s] -- Symlinking: /home/hdm/tracker_plus_ttttt/tracker_plus/install/buff_interfaces/include/buff_interfaces/buff_interfaces/msg/detail/velocity__rosidl_typesupport_introspection_c.h
[8.543s] -- Symlinking: /home/hdm/tracker_plus_ttttt/tracker_plus/install/buff_interfaces/include/buff_interfaces/buff_interfaces/msg/rosidl_typesupport_introspection_c__visibility_control.h
[8.554s] -- Symlinking: /home/hdm/tracker_plus_ttttt/tracker_plus/install/buff_interfaces/include/buff_interfaces/buff_interfaces/msg/blade.hpp
[8.566s] -- Symlinking: /home/hdm/tracker_plus_ttttt/tracker_plus/install/buff_interfaces/include/buff_interfaces/buff_interfaces/msg/blade_array.hpp
[8.574s] -- Symlinking: /home/hdm/tracker_plus_ttttt/tracker_plus/install/buff_interfaces/include/buff_interfaces/buff_interfaces/msg/buff_send.hpp
[8.579s] -- Symlinking: /home/hdm/tracker_plus_ttttt/tracker_plus/install/buff_interfaces/include/buff_interfaces/buff_interfaces/msg/debug_blade.hpp
[8.585s] -- Symlinking: /home/hdm/tracker_plus_ttttt/tracker_plus/install/buff_interfaces/include/buff_interfaces/buff_interfaces/msg/debug_blade_array.hpp
[8.594s] -- Symlinking: /home/hdm/tracker_plus_ttttt/tracker_plus/install/buff_interfaces/include/buff_interfaces/buff_interfaces/msg/detail/blade__builder.hpp
[8.607s] -- Symlinking: /home/hdm/tracker_plus_ttttt/tracker_plus/install/buff_interfaces/include/buff_interfaces/buff_interfaces/msg/detail/blade__struct.hpp
[8.619s] -- Symlinking: /home/hdm/tracker_plus_ttttt/tracker_plus/install/buff_interfaces/include/buff_interfaces/buff_interfaces/msg/detail/blade__traits.hpp
[8.627s] -- Symlinking: /home/hdm/tracker_plus_ttttt/tracker_plus/install/buff_interfaces/include/buff_interfaces/buff_interfaces/msg/detail/blade__type_support.hpp
[8.635s] -- Symlinking: /home/hdm/tracker_plus_ttttt/tracker_plus/install/buff_interfaces/include/buff_interfaces/buff_interfaces/msg/detail/blade_array__builder.hpp
[8.643s] -- Symlinking: /home/hdm/tracker_plus_ttttt/tracker_plus/install/buff_interfaces/include/buff_interfaces/buff_interfaces/msg/detail/blade_array__struct.hpp
[8.652s] -- Symlinking: /home/hdm/tracker_plus_ttttt/tracker_plus/install/buff_interfaces/include/buff_interfaces/buff_interfaces/msg/detail/blade_array__traits.hpp
[8.660s] -- Symlinking: /home/hdm/tracker_plus_ttttt/tracker_plus/install/buff_interfaces/include/buff_interfaces/buff_interfaces/msg/detail/blade_array__type_support.hpp
[8.668s] -- Symlinking: /home/hdm/tracker_plus_ttttt/tracker_plus/install/buff_interfaces/include/buff_interfaces/buff_interfaces/msg/detail/buff_send__builder.hpp
[8.677s] -- Symlinking: /home/hdm/tracker_plus_ttttt/tracker_plus/install/buff_interfaces/include/buff_interfaces/buff_interfaces/msg/detail/buff_send__struct.hpp
[8.686s] -- Symlinking: /home/hdm/tracker_plus_ttttt/tracker_plus/install/buff_interfaces/include/buff_interfaces/buff_interfaces/msg/detail/buff_send__traits.hpp
[8.693s] -- Symlinking: /home/hdm/tracker_plus_ttttt/tracker_plus/install/buff_interfaces/include/buff_interfaces/buff_interfaces/msg/detail/buff_send__type_support.hpp
[8.701s] -- Symlinking: /home/hdm/tracker_plus_ttttt/tracker_plus/install/buff_interfaces/include/buff_interfaces/buff_interfaces/msg/detail/debug_blade__builder.hpp
[8.709s] -- Symlinking: /home/hdm/tracker_plus_ttttt/tracker_plus/install/buff_interfaces/include/buff_interfaces/buff_interfaces/msg/detail/debug_blade__struct.hpp
[8.717s] -- Symlinking: /home/hdm/tracker_plus_ttttt/tracker_plus/install/buff_interfaces/include/buff_interfaces/buff_interfaces/msg/detail/debug_blade__traits.hpp
[8.726s] -- Symlinking: /home/hdm/tracker_plus_ttttt/tracker_plus/install/buff_interfaces/include/buff_interfaces/buff_interfaces/msg/detail/debug_blade__type_support.hpp
[8.733s] -- Symlinking: /home/hdm/tracker_plus_ttttt/tracker_plus/install/buff_interfaces/include/buff_interfaces/buff_interfaces/msg/detail/debug_blade_array__builder.hpp
[8.740s] -- Symlinking: /home/hdm/tracker_plus_ttttt/tracker_plus/install/buff_interfaces/include/buff_interfaces/buff_interfaces/msg/detail/debug_blade_array__struct.hpp
[8.748s] -- Symlinking: /home/hdm/tracker_plus_ttttt/tracker_plus/install/buff_interfaces/include/buff_interfaces/buff_interfaces/msg/detail/debug_blade_array__traits.hpp
[8.753s] -- Symlinking: /home/hdm/tracker_plus_ttttt/tracker_plus/install/buff_interfaces/include/buff_interfaces/buff_interfaces/msg/detail/debug_blade_array__type_support.hpp
[8.760s] -- Symlinking: /home/hdm/tracker_plus_ttttt/tracker_plus/install/buff_interfaces/include/buff_interfaces/buff_interfaces/msg/detail/rune__builder.hpp
[8.768s] -- Symlinking: /home/hdm/tracker_plus_ttttt/tracker_plus/install/buff_interfaces/include/buff_interfaces/buff_interfaces/msg/detail/rune__struct.hpp
[8.775s] -- Symlinking: /home/hdm/tracker_plus_ttttt/tracker_plus/install/buff_interfaces/include/buff_interfaces/buff_interfaces/msg/detail/rune__traits.hpp
[8.783s] -- Symlinking: /home/hdm/tracker_plus_ttttt/tracker_plus/install/buff_interfaces/include/buff_interfaces/buff_interfaces/msg/detail/rune__type_support.hpp
[8.791s] -- Symlinking: /home/hdm/tracker_plus_ttttt/tracker_plus/install/buff_interfaces/include/buff_interfaces/buff_interfaces/msg/detail/rune_info__builder.hpp
[8.800s] -- Symlinking: /home/hdm/tracker_plus_ttttt/tracker_plus/install/buff_interfaces/include/buff_interfaces/buff_interfaces/msg/detail/rune_info__struct.hpp
[8.808s] -- Symlinking: /home/hdm/tracker_plus_ttttt/tracker_plus/install/buff_interfaces/include/buff_interfaces/buff_interfaces/msg/detail/rune_info__traits.hpp
[8.818s] -- Symlinking: /home/hdm/tracker_plus_ttttt/tracker_plus/install/buff_interfaces/include/buff_interfaces/buff_interfaces/msg/detail/rune_info__type_support.hpp
[8.825s] -- Symlinking: /home/hdm/tracker_plus_ttttt/tracker_plus/install/buff_interfaces/include/buff_interfaces/buff_interfaces/msg/detail/time_info__builder.hpp
[8.832s] -- Symlinking: /home/hdm/tracker_plus_ttttt/tracker_plus/install/buff_interfaces/include/buff_interfaces/buff_interfaces/msg/detail/time_info__struct.hpp
[8.838s] -- Symlinking: /home/hdm/tracker_plus_ttttt/tracker_plus/install/buff_interfaces/include/buff_interfaces/buff_interfaces/msg/detail/time_info__traits.hpp
[8.844s] -- Symlinking: /home/hdm/tracker_plus_ttttt/tracker_plus/install/buff_interfaces/include/buff_interfaces/buff_interfaces/msg/detail/time_info__type_support.hpp
[8.853s] -- Symlinking: /home/hdm/tracker_plus_ttttt/tracker_plus/install/buff_interfaces/include/buff_interfaces/buff_interfaces/msg/detail/velocity__builder.hpp
[8.859s] -- Symlinking: /home/hdm/tracker_plus_ttttt/tracker_plus/install/buff_interfaces/include/buff_interfaces/buff_interfaces/msg/detail/velocity__struct.hpp
[8.867s] -- Symlinking: /home/hdm/tracker_plus_ttttt/tracker_plus/install/buff_interfaces/include/buff_interfaces/buff_interfaces/msg/detail/velocity__traits.hpp
[8.875s] -- Symlinking: /home/hdm/tracker_plus_ttttt/tracker_plus/install/buff_interfaces/include/buff_interfaces/buff_interfaces/msg/detail/velocity__type_support.hpp
[8.881s] -- Symlinking: /home/hdm/tracker_plus_ttttt/tracker_plus/install/buff_interfaces/include/buff_interfaces/buff_interfaces/msg/rosidl_generator_cpp__visibility_control.hpp
[8.888s] -- Symlinking: /home/hdm/tracker_plus_ttttt/tracker_plus/install/buff_interfaces/include/buff_interfaces/buff_interfaces/msg/rune.hpp
[8.894s] -- Symlinking: /home/hdm/tracker_plus_ttttt/tracker_plus/install/buff_interfaces/include/buff_interfaces/buff_interfaces/msg/rune_info.hpp
[8.900s] -- Symlinking: /home/hdm/tracker_plus_ttttt/tracker_plus/install/buff_interfaces/include/buff_interfaces/buff_interfaces/msg/time_info.hpp
[8.908s] -- Symlinking: /home/hdm/tracker_plus_ttttt/tracker_plus/install/buff_interfaces/include/buff_interfaces/buff_interfaces/msg/velocity.hpp
[8.915s] -- Symlinking: /home/hdm/tracker_plus_ttttt/tracker_plus/install/buff_interfaces/include/buff_interfaces/buff_interfaces/msg/detail/blade__rosidl_typesupport_fastrtps_cpp.hpp
[8.922s] -- Symlinking: /home/hdm/tracker_plus_ttttt/tracker_plus/install/buff_interfaces/include/buff_interfaces/buff_interfaces/msg/detail/blade_array__rosidl_typesupport_fastrtps_cpp.hpp
[8.929s] -- Symlinking: /home/hdm/tracker_plus_ttttt/tracker_plus/install/buff_interfaces/include/buff_interfaces/buff_interfaces/msg/detail/buff_send__rosidl_typesupport_fastrtps_cpp.hpp
[8.937s] -- Symlinking: /home/hdm/tracker_plus_ttttt/tracker_plus/install/buff_interfaces/include/buff_interfaces/buff_interfaces/msg/detail/debug_blade__rosidl_typesupport_fastrtps_cpp.hpp
[8.942s] -- Symlinking: /home/hdm/tracker_plus_ttttt/tracker_plus/install/buff_interfaces/include/buff_interfaces/buff_interfaces/msg/detail/debug_blade_array__rosidl_typesupport_fastrtps_cpp.hpp
[8.948s] -- Symlinking: /home/hdm/tracker_plus_ttttt/tracker_plus/install/buff_interfaces/include/buff_interfaces/buff_interfaces/msg/detail/rune__rosidl_typesupport_fastrtps_cpp.hpp
[8.956s] -- Symlinking: /home/hdm/tracker_plus_ttttt/tracker_plus/install/buff_interfaces/include/buff_interfaces/buff_interfaces/msg/detail/rune_info__rosidl_typesupport_fastrtps_cpp.hpp
[8.961s] -- Symlinking: /home/hdm/tracker_plus_ttttt/tracker_plus/install/buff_interfaces/include/buff_interfaces/buff_interfaces/msg/detail/time_info__rosidl_typesupport_fastrtps_cpp.hpp
[8.967s] -- Symlinking: /home/hdm/tracker_plus_ttttt/tracker_plus/install/buff_interfaces/include/buff_interfaces/buff_interfaces/msg/detail/velocity__rosidl_typesupport_fastrtps_cpp.hpp
[8.975s] -- Symlinking: /home/hdm/tracker_plus_ttttt/tracker_plus/install/buff_interfaces/include/buff_interfaces/buff_interfaces/msg/rosidl_typesupport_fastrtps_cpp__visibility_control.h
[8.982s] -- Symlinking: /home/hdm/tracker_plus_ttttt/tracker_plus/install/buff_interfaces/include/buff_interfaces/buff_interfaces/msg/detail/blade__rosidl_typesupport_introspection_cpp.hpp
[8.988s] -- Symlinking: /home/hdm/tracker_plus_ttttt/tracker_plus/install/buff_interfaces/include/buff_interfaces/buff_interfaces/msg/detail/blade_array__rosidl_typesupport_introspection_cpp.hpp
[8.994s] -- Symlinking: /home/hdm/tracker_plus_ttttt/tracker_plus/install/buff_interfaces/include/buff_interfaces/buff_interfaces/msg/detail/buff_send__rosidl_typesupport_introspection_cpp.hpp
[9.001s] -- Symlinking: /home/hdm/tracker_plus_ttttt/tracker_plus/install/buff_interfaces/include/buff_interfaces/buff_interfaces/msg/detail/debug_blade__rosidl_typesupport_introspection_cpp.hpp
[9.007s] -- Symlinking: /home/hdm/tracker_plus_ttttt/tracker_plus/install/buff_interfaces/include/buff_interfaces/buff_interfaces/msg/detail/debug_blade_array__rosidl_typesupport_introspection_cpp.hpp
[9.013s] -- Symlinking: /home/hdm/tracker_plus_ttttt/tracker_plus/install/buff_interfaces/include/buff_interfaces/buff_interfaces/msg/detail/rune__rosidl_typesupport_introspection_cpp.hpp
[9.019s] -- Symlinking: /home/hdm/tracker_plus_ttttt/tracker_plus/install/buff_interfaces/include/buff_interfaces/buff_interfaces/msg/detail/rune_info__rosidl_typesupport_introspection_cpp.hpp
[9.026s] -- Symlinking: /home/hdm/tracker_plus_ttttt/tracker_plus/install/buff_interfaces/include/buff_interfaces/buff_interfaces/msg/detail/time_info__rosidl_typesupport_introspection_cpp.hpp
[9.032s] -- Symlinking: /home/hdm/tracker_plus_ttttt/tracker_plus/install/buff_interfaces/include/buff_interfaces/buff_interfaces/msg/detail/velocity__rosidl_typesupport_introspection_cpp.hpp
[9.038s] -- Symlinking: /home/hdm/tracker_plus_ttttt/tracker_plus/install/buff_interfaces/share/buff_interfaces/environment/pythonpath.sh
[9.044s] -- Symlinking: /home/hdm/tracker_plus_ttttt/tracker_plus/install/buff_interfaces/share/buff_interfaces/environment/pythonpath.dsv
[9.051s] -- Symlinking: /home/hdm/tracker_plus_ttttt/tracker_plus/install/buff_interfaces/local/lib/python3.10/dist-packages/buff_interfaces-1.0.0-py3.10.egg-info/PKG-INFO
[9.056s] -- Symlinking: /home/hdm/tracker_plus_ttttt/tracker_plus/install/buff_interfaces/local/lib/python3.10/dist-packages/buff_interfaces-1.0.0-py3.10.egg-info/SOURCES.txt
[9.061s] -- Symlinking: /home/hdm/tracker_plus_ttttt/tracker_plus/install/buff_interfaces/local/lib/python3.10/dist-packages/buff_interfaces-1.0.0-py3.10.egg-info/dependency_links.txt
[9.067s] -- Symlinking: /home/hdm/tracker_plus_ttttt/tracker_plus/install/buff_interfaces/local/lib/python3.10/dist-packages/buff_interfaces-1.0.0-py3.10.egg-info/top_level.txt
[9.073s] -- Symlinking: /home/hdm/tracker_plus_ttttt/tracker_plus/install/buff_interfaces/local/lib/python3.10/dist-packages/buff_interfaces/__init__.py
[9.079s] -- Symlinking: /home/hdm/tracker_plus_ttttt/tracker_plus/install/buff_interfaces/local/lib/python3.10/dist-packages/buff_interfaces/_buff_interfaces_s.ep.rosidl_typesupport_c.c
[9.087s] -- Symlinking: /home/hdm/tracker_plus_ttttt/tracker_plus/install/buff_interfaces/local/lib/python3.10/dist-packages/buff_interfaces/_buff_interfaces_s.ep.rosidl_typesupport_fastrtps_c.c
[9.092s] -- Symlinking: /home/hdm/tracker_plus_ttttt/tracker_plus/install/buff_interfaces/local/lib/python3.10/dist-packages/buff_interfaces/_buff_interfaces_s.ep.rosidl_typesupport_introspection_c.c
[9.098s] -- Symlinking: /home/hdm/tracker_plus_ttttt/tracker_plus/install/buff_interfaces/local/lib/python3.10/dist-packages/buff_interfaces/buff_interfaces_s__rosidl_typesupport_c.cpython-310-x86_64-linux-gnu.so
[9.105s] -- Symlinking: /home/hdm/tracker_plus_ttttt/tracker_plus/install/buff_interfaces/local/lib/python3.10/dist-packages/buff_interfaces/buff_interfaces_s__rosidl_typesupport_fastrtps_c.cpython-310-x86_64-linux-gnu.so
[9.113s] -- Symlinking: /home/hdm/tracker_plus_ttttt/tracker_plus/install/buff_interfaces/local/lib/python3.10/dist-packages/buff_interfaces/buff_interfaces_s__rosidl_typesupport_introspection_c.cpython-310-x86_64-linux-gnu.so
[9.119s] -- Symlinking: /home/hdm/tracker_plus_ttttt/tracker_plus/install/buff_interfaces/local/lib/python3.10/dist-packages/buff_interfaces/libbuff_interfaces__rosidl_generator_py.so
[9.125s] -- Symlinking: /home/hdm/tracker_plus_ttttt/tracker_plus/install/buff_interfaces/local/lib/python3.10/dist-packages/buff_interfaces/msg/__init__.py
[9.132s] -- Symlinking: /home/hdm/tracker_plus_ttttt/tracker_plus/install/buff_interfaces/local/lib/python3.10/dist-packages/buff_interfaces/msg/_blade.py
[9.138s] -- Symlinking: /home/hdm/tracker_plus_ttttt/tracker_plus/install/buff_interfaces/local/lib/python3.10/dist-packages/buff_interfaces/msg/_blade_array.py
[9.144s] -- Symlinking: /home/hdm/tracker_plus_ttttt/tracker_plus/install/buff_interfaces/local/lib/python3.10/dist-packages/buff_interfaces/msg/_blade_array_s.c
[9.150s] -- Symlinking: /home/hdm/tracker_plus_ttttt/tracker_plus/install/buff_interfaces/local/lib/python3.10/dist-packages/buff_interfaces/msg/_blade_s.c
[9.156s] -- Symlinking: /home/hdm/tracker_plus_ttttt/tracker_plus/install/buff_interfaces/local/lib/python3.10/dist-packages/buff_interfaces/msg/_buff_send.py
[9.162s] -- Symlinking: /home/hdm/tracker_plus_ttttt/tracker_plus/install/buff_interfaces/local/lib/python3.10/dist-packages/buff_interfaces/msg/_buff_send_s.c
[9.168s] -- Symlinking: /home/hdm/tracker_plus_ttttt/tracker_plus/install/buff_interfaces/local/lib/python3.10/dist-packages/buff_interfaces/msg/_debug_blade.py
[9.177s] -- Symlinking: /home/hdm/tracker_plus_ttttt/tracker_plus/install/buff_interfaces/local/lib/python3.10/dist-packages/buff_interfaces/msg/_debug_blade_array.py
[9.184s] -- Symlinking: /home/hdm/tracker_plus_ttttt/tracker_plus/install/buff_interfaces/local/lib/python3.10/dist-packages/buff_interfaces/msg/_debug_blade_array_s.c
[9.190s] -- Symlinking: /home/hdm/tracker_plus_ttttt/tracker_plus/install/buff_interfaces/local/lib/python3.10/dist-packages/buff_interfaces/msg/_debug_blade_s.c
[9.196s] -- Symlinking: /home/hdm/tracker_plus_ttttt/tracker_plus/install/buff_interfaces/local/lib/python3.10/dist-packages/buff_interfaces/msg/_rune.py
[9.203s] -- Symlinking: /home/hdm/tracker_plus_ttttt/tracker_plus/install/buff_interfaces/local/lib/python3.10/dist-packages/buff_interfaces/msg/_rune_info.py
[9.210s] -- Symlinking: /home/hdm/tracker_plus_ttttt/tracker_plus/install/buff_interfaces/local/lib/python3.10/dist-packages/buff_interfaces/msg/_rune_info_s.c
[9.216s] -- Symlinking: /home/hdm/tracker_plus_ttttt/tracker_plus/install/buff_interfaces/local/lib/python3.10/dist-packages/buff_interfaces/msg/_rune_s.c
[9.221s] -- Symlinking: /home/hdm/tracker_plus_ttttt/tracker_plus/install/buff_interfaces/local/lib/python3.10/dist-packages/buff_interfaces/msg/_time_info.py
[9.228s] -- Symlinking: /home/hdm/tracker_plus_ttttt/tracker_plus/install/buff_interfaces/local/lib/python3.10/dist-packages/buff_interfaces/msg/_time_info_s.c
[9.234s] -- Symlinking: /home/hdm/tracker_plus_ttttt/tracker_plus/install/buff_interfaces/local/lib/python3.10/dist-packages/buff_interfaces/msg/_velocity.py
[9.241s] -- Symlinking: /home/hdm/tracker_plus_ttttt/tracker_plus/install/buff_interfaces/local/lib/python3.10/dist-packages/buff_interfaces/msg/_velocity_s.c
[9.247s] -- Up-to-date symlink: /home/hdm/tracker_plus_ttttt/tracker_plus/install/buff_interfaces/local/lib/python3.10/dist-packages/buff_interfaces/buff_interfaces_s__rosidl_typesupport_fastrtps_c.cpython-310-x86_64-linux-gnu.so
[9.247s] -- Up-to-date symlink: /home/hdm/tracker_plus_ttttt/tracker_plus/install/buff_interfaces/local/lib/python3.10/dist-packages/buff_interfaces/buff_interfaces_s__rosidl_typesupport_introspection_c.cpython-310-x86_64-linux-gnu.so
[9.247s] -- Up-to-date symlink: /home/hdm/tracker_plus_ttttt/tracker_plus/install/buff_interfaces/local/lib/python3.10/dist-packages/buff_interfaces/buff_interfaces_s__rosidl_typesupport_c.cpython-310-x86_64-linux-gnu.so
[9.247s] -- Symlinking: /home/hdm/tracker_plus_ttttt/tracker_plus/install/buff_interfaces/share/buff_interfaces/msg/Blade.idl
[9.255s] -- Symlinking: /home/hdm/tracker_plus_ttttt/tracker_plus/install/buff_interfaces/share/buff_interfaces/msg/BladeArray.idl
[9.261s] -- Symlinking: /home/hdm/tracker_plus_ttttt/tracker_plus/install/buff_interfaces/share/buff_interfaces/msg/DebugBlade.idl
[9.267s] -- Symlinking: /home/hdm/tracker_plus_ttttt/tracker_plus/install/buff_interfaces/share/buff_interfaces/msg/DebugBladeArray.idl
[9.273s] -- Symlinking: /home/hdm/tracker_plus_ttttt/tracker_plus/install/buff_interfaces/share/buff_interfaces/msg/Rune.idl
[9.280s] -- Symlinking: /home/hdm/tracker_plus_ttttt/tracker_plus/install/buff_interfaces/share/buff_interfaces/msg/RuneInfo.idl
[9.285s] -- Symlinking: /home/hdm/tracker_plus_ttttt/tracker_plus/install/buff_interfaces/share/buff_interfaces/msg/TimeInfo.idl
[9.292s] -- Symlinking: /home/hdm/tracker_plus_ttttt/tracker_plus/install/buff_interfaces/share/buff_interfaces/msg/Velocity.idl
[9.297s] -- Symlinking: /home/hdm/tracker_plus_ttttt/tracker_plus/install/buff_interfaces/share/buff_interfaces/msg/BuffSend.idl
[9.304s] -- Symlinking: /home/hdm/tracker_plus_ttttt/tracker_plus/install/buff_interfaces/share/buff_interfaces/msg/Blade.msg
[9.309s] -- Symlinking: /home/hdm/tracker_plus_ttttt/tracker_plus/install/buff_interfaces/share/buff_interfaces/msg/BladeArray.msg
[9.316s] -- Symlinking: /home/hdm/tracker_plus_ttttt/tracker_plus/install/buff_interfaces/share/buff_interfaces/msg/DebugBlade.msg
[9.322s] -- Symlinking: /home/hdm/tracker_plus_ttttt/tracker_plus/install/buff_interfaces/share/buff_interfaces/msg/DebugBladeArray.msg
[9.328s] -- Symlinking: /home/hdm/tracker_plus_ttttt/tracker_plus/install/buff_interfaces/share/buff_interfaces/msg/Rune.msg
[9.335s] -- Symlinking: /home/hdm/tracker_plus_ttttt/tracker_plus/install/buff_interfaces/share/buff_interfaces/msg/RuneInfo.msg
[9.341s] -- Symlinking: /home/hdm/tracker_plus_ttttt/tracker_plus/install/buff_interfaces/share/buff_interfaces/msg/TimeInfo.msg
[9.347s] -- Symlinking: /home/hdm/tracker_plus_ttttt/tracker_plus/install/buff_interfaces/share/buff_interfaces/msg/Velocity.msg
[9.353s] -- Symlinking: /home/hdm/tracker_plus_ttttt/tracker_plus/install/buff_interfaces/share/buff_interfaces/msg/BuffSend.msg
[9.359s] -- Symlinking: /home/hdm/tracker_plus_ttttt/tracker_plus/install/buff_interfaces/share/ament_index/resource_index/package_run_dependencies/buff_interfaces
[9.366s] -- Symlinking: /home/hdm/tracker_plus_ttttt/tracker_plus/install/buff_interfaces/share/ament_index/resource_index/parent_prefix_path/buff_interfaces
[9.372s] -- Symlinking: /home/hdm/tracker_plus_ttttt/tracker_plus/install/buff_interfaces/share/buff_interfaces/environment/ament_prefix_path.sh
[9.378s] -- Symlinking: /home/hdm/tracker_plus_ttttt/tracker_plus/install/buff_interfaces/share/buff_interfaces/environment/ament_prefix_path.dsv
[9.384s] -- Symlinking: /home/hdm/tracker_plus_ttttt/tracker_plus/install/buff_interfaces/share/buff_interfaces/environment/path.sh
[9.389s] -- Symlinking: /home/hdm/tracker_plus_ttttt/tracker_plus/install/buff_interfaces/share/buff_interfaces/environment/path.dsv
[9.395s] -- Symlinking: /home/hdm/tracker_plus_ttttt/tracker_plus/install/buff_interfaces/share/buff_interfaces/local_setup.bash
[9.401s] -- Symlinking: /home/hdm/tracker_plus_ttttt/tracker_plus/install/buff_interfaces/share/buff_interfaces/local_setup.sh
[9.407s] -- Symlinking: /home/hdm/tracker_plus_ttttt/tracker_plus/install/buff_interfaces/share/buff_interfaces/local_setup.zsh
[9.412s] -- Symlinking: /home/hdm/tracker_plus_ttttt/tracker_plus/install/buff_interfaces/share/buff_interfaces/local_setup.dsv
[9.418s] -- Symlinking: /home/hdm/tracker_plus_ttttt/tracker_plus/install/buff_interfaces/share/buff_interfaces/package.dsv
[9.425s] -- Symlinking: /home/hdm/tracker_plus_ttttt/tracker_plus/install/buff_interfaces/share/ament_index/resource_index/packages/buff_interfaces
[9.432s] -- Symlinking: /home/hdm/tracker_plus_ttttt/tracker_plus/install/buff_interfaces/share/buff_interfaces/cmake/rosidl_cmake-extras.cmake
[9.439s] -- Symlinking: /home/hdm/tracker_plus_ttttt/tracker_plus/install/buff_interfaces/share/buff_interfaces/cmake/ament_cmake_export_dependencies-extras.cmake
[9.445s] -- Symlinking: /home/hdm/tracker_plus_ttttt/tracker_plus/install/buff_interfaces/share/buff_interfaces/cmake/ament_cmake_export_include_directories-extras.cmake
[9.450s] -- Symlinking: /home/hdm/tracker_plus_ttttt/tracker_plus/install/buff_interfaces/share/buff_interfaces/cmake/ament_cmake_export_libraries-extras.cmake
[9.457s] -- Symlinking: /home/hdm/tracker_plus_ttttt/tracker_plus/install/buff_interfaces/share/buff_interfaces/cmake/ament_cmake_export_targets-extras.cmake
[9.463s] -- Symlinking: /home/hdm/tracker_plus_ttttt/tracker_plus/install/buff_interfaces/share/buff_interfaces/cmake/rosidl_cmake_export_typesupport_targets-extras.cmake
[9.469s] -- Symlinking: /home/hdm/tracker_plus_ttttt/tracker_plus/install/buff_interfaces/share/buff_interfaces/cmake/rosidl_cmake_export_typesupport_libraries-extras.cmake
[9.475s] -- Symlinking: /home/hdm/tracker_plus_ttttt/tracker_plus/install/buff_interfaces/share/buff_interfaces/cmake/buff_interfacesConfig.cmake
[9.481s] -- Symlinking: /home/hdm/tracker_plus_ttttt/tracker_plus/install/buff_interfaces/share/buff_interfaces/cmake/buff_interfacesConfig-version.cmake
[9.487s] -- Symlinking: /home/hdm/tracker_plus_ttttt/tracker_plus/install/buff_interfaces/share/buff_interfaces/package.xml
[9.492s] -- Installing: /home/hdm/tracker_plus_ttttt/tracker_plus/install/buff_interfaces/lib/libbuff_interfaces__rosidl_generator_c.so
[9.492s] -- Set runtime path of "/home/hdm/tracker_plus_ttttt/tracker_plus/install/buff_interfaces/lib/libbuff_interfaces__rosidl_generator_c.so" to ""
[9.492s] -- Installing: /home/hdm/tracker_plus_ttttt/tracker_plus/install/buff_interfaces/lib/libbuff_interfaces__rosidl_typesupport_fastrtps_c.so
[9.492s] -- Set runtime path of "/home/hdm/tracker_plus_ttttt/tracker_plus/install/buff_interfaces/lib/libbuff_interfaces__rosidl_typesupport_fastrtps_c.so" to ""
[9.492s] -- Installing: /home/hdm/tracker_plus_ttttt/tracker_plus/install/buff_interfaces/lib/libbuff_interfaces__rosidl_typesupport_introspection_c.so
[9.492s] -- Set runtime path of "/home/hdm/tracker_plus_ttttt/tracker_plus/install/buff_interfaces/lib/libbuff_interfaces__rosidl_typesupport_introspection_c.so" to ""
[9.493s] -- Installing: /home/hdm/tracker_plus_ttttt/tracker_plus/install/buff_interfaces/lib/libbuff_interfaces__rosidl_typesupport_c.so
[9.493s] -- Set runtime path of "/home/hdm/tracker_plus_ttttt/tracker_plus/install/buff_interfaces/lib/libbuff_interfaces__rosidl_typesupport_c.so" to ""
[9.493s] -- Installing: /home/hdm/tracker_plus_ttttt/tracker_plus/install/buff_interfaces/lib/libbuff_interfaces__rosidl_typesupport_fastrtps_cpp.so
[9.493s] -- Set runtime path of "/home/hdm/tracker_plus_ttttt/tracker_plus/install/buff_interfaces/lib/libbuff_interfaces__rosidl_typesupport_fastrtps_cpp.so" to ""
[9.493s] -- Installing: /home/hdm/tracker_plus_ttttt/tracker_plus/install/buff_interfaces/lib/libbuff_interfaces__rosidl_typesupport_introspection_cpp.so
[9.493s] -- Set runtime path of "/home/hdm/tracker_plus_ttttt/tracker_plus/install/buff_interfaces/lib/libbuff_interfaces__rosidl_typesupport_introspection_cpp.so" to ""
[9.493s] -- Installing: /home/hdm/tracker_plus_ttttt/tracker_plus/install/buff_interfaces/lib/libbuff_interfaces__rosidl_typesupport_cpp.so
[9.493s] -- Set runtime path of "/home/hdm/tracker_plus_ttttt/tracker_plus/install/buff_interfaces/lib/libbuff_interfaces__rosidl_typesupport_cpp.so" to ""
[9.531s] Listing '/home/hdm/tracker_plus_ttttt/tracker_plus/install/buff_interfaces/local/lib/python3.10/dist-packages/buff_interfaces'...
[9.531s] Compiling '/home/hdm/tracker_plus_ttttt/tracker_plus/install/buff_interfaces/local/lib/python3.10/dist-packages/buff_interfaces/__init__.py'...
[9.531s] Listing '/home/hdm/tracker_plus_ttttt/tracker_plus/install/buff_interfaces/local/lib/python3.10/dist-packages/buff_interfaces/msg'...
[9.531s] Compiling '/home/hdm/tracker_plus_ttttt/tracker_plus/install/buff_interfaces/local/lib/python3.10/dist-packages/buff_interfaces/msg/__init__.py'...
[9.531s] Compiling '/home/hdm/tracker_plus_ttttt/tracker_plus/install/buff_interfaces/local/lib/python3.10/dist-packages/buff_interfaces/msg/_blade.py'...
[9.531s] Compiling '/home/hdm/tracker_plus_ttttt/tracker_plus/install/buff_interfaces/local/lib/python3.10/dist-packages/buff_interfaces/msg/_blade_array.py'...
[9.531s] Compiling '/home/hdm/tracker_plus_ttttt/tracker_plus/install/buff_interfaces/local/lib/python3.10/dist-packages/buff_interfaces/msg/_buff_send.py'...
[9.531s] Compiling '/home/hdm/tracker_plus_ttttt/tracker_plus/install/buff_interfaces/local/lib/python3.10/dist-packages/buff_interfaces/msg/_debug_blade.py'...
[9.531s] Compiling '/home/hdm/tracker_plus_ttttt/tracker_plus/install/buff_interfaces/local/lib/python3.10/dist-packages/buff_interfaces/msg/_debug_blade_array.py'...
[9.531s] Compiling '/home/hdm/tracker_plus_ttttt/tracker_plus/install/buff_interfaces/local/lib/python3.10/dist-packages/buff_interfaces/msg/_rune.py'...
[9.531s] Compiling '/home/hdm/tracker_plus_ttttt/tracker_plus/install/buff_interfaces/local/lib/python3.10/dist-packages/buff_interfaces/msg/_rune_info.py'...
[9.531s] Compiling '/home/hdm/tracker_plus_ttttt/tracker_plus/install/buff_interfaces/local/lib/python3.10/dist-packages/buff_interfaces/msg/_time_info.py'...
[9.531s] Compiling '/home/hdm/tracker_plus_ttttt/tracker_plus/install/buff_interfaces/local/lib/python3.10/dist-packages/buff_interfaces/msg/_velocity.py'...
[9.535s] -- Installing: /home/hdm/tracker_plus_ttttt/tracker_plus/install/buff_interfaces/lib/libbuff_interfaces__rosidl_generator_py.so
[9.536s] -- Set runtime path of "/home/hdm/tracker_plus_ttttt/tracker_plus/install/buff_interfaces/lib/libbuff_interfaces__rosidl_generator_py.so" to ""
[9.536s] -- Installing: /home/hdm/tracker_plus_ttttt/tracker_plus/install/buff_interfaces/share/buff_interfaces/cmake/export_buff_interfaces__rosidl_generator_cExport.cmake
[9.536s] -- Installing: /home/hdm/tracker_plus_ttttt/tracker_plus/install/buff_interfaces/share/buff_interfaces/cmake/export_buff_interfaces__rosidl_generator_cExport-noconfig.cmake
[9.536s] -- Installing: /home/hdm/tracker_plus_ttttt/tracker_plus/install/buff_interfaces/share/buff_interfaces/cmake/export_buff_interfaces__rosidl_typesupport_fastrtps_cExport.cmake
[9.536s] -- Installing: /home/hdm/tracker_plus_ttttt/tracker_plus/install/buff_interfaces/share/buff_interfaces/cmake/export_buff_interfaces__rosidl_typesupport_fastrtps_cExport-noconfig.cmake
[9.536s] -- Installing: /home/hdm/tracker_plus_ttttt/tracker_plus/install/buff_interfaces/share/buff_interfaces/cmake/buff_interfaces__rosidl_typesupport_introspection_cExport.cmake
[9.536s] -- Installing: /home/hdm/tracker_plus_ttttt/tracker_plus/install/buff_interfaces/share/buff_interfaces/cmake/buff_interfaces__rosidl_typesupport_introspection_cExport-noconfig.cmake
[9.537s] -- Installing: /home/hdm/tracker_plus_ttttt/tracker_plus/install/buff_interfaces/share/buff_interfaces/cmake/buff_interfaces__rosidl_typesupport_cExport.cmake
[9.537s] -- Installing: /home/hdm/tracker_plus_ttttt/tracker_plus/install/buff_interfaces/share/buff_interfaces/cmake/buff_interfaces__rosidl_typesupport_cExport-noconfig.cmake
[9.537s] -- Installing: /home/hdm/tracker_plus_ttttt/tracker_plus/install/buff_interfaces/share/buff_interfaces/cmake/export_buff_interfaces__rosidl_generator_cppExport.cmake
[9.537s] -- Installing: /home/hdm/tracker_plus_ttttt/tracker_plus/install/buff_interfaces/share/buff_interfaces/cmake/export_buff_interfaces__rosidl_typesupport_fastrtps_cppExport.cmake
[9.537s] -- Installing: /home/hdm/tracker_plus_ttttt/tracker_plus/install/buff_interfaces/share/buff_interfaces/cmake/export_buff_interfaces__rosidl_typesupport_fastrtps_cppExport-noconfig.cmake
[9.537s] -- Installing: /home/hdm/tracker_plus_ttttt/tracker_plus/install/buff_interfaces/share/buff_interfaces/cmake/buff_interfaces__rosidl_typesupport_introspection_cppExport.cmake
[9.538s] -- Installing: /home/hdm/tracker_plus_ttttt/tracker_plus/install/buff_interfaces/share/buff_interfaces/cmake/buff_interfaces__rosidl_typesupport_introspection_cppExport-noconfig.cmake
[9.538s] -- Installing: /home/hdm/tracker_plus_ttttt/tracker_plus/install/buff_interfaces/share/buff_interfaces/cmake/buff_interfaces__rosidl_typesupport_cppExport.cmake
[9.538s] -- Installing: /home/hdm/tracker_plus_ttttt/tracker_plus/install/buff_interfaces/share/buff_interfaces/cmake/buff_interfaces__rosidl_typesupport_cppExport-noconfig.cmake
[9.538s] -- Installing: /home/hdm/tracker_plus_ttttt/tracker_plus/install/buff_interfaces/share/buff_interfaces/cmake/export_buff_interfaces__rosidl_generator_pyExport.cmake
[9.538s] -- Installing: /home/hdm/tracker_plus_ttttt/tracker_plus/install/buff_interfaces/share/buff_interfaces/cmake/export_buff_interfaces__rosidl_generator_pyExport-noconfig.cmake
[9.540s] Invoked command in '/home/hdm/tracker_plus_ttttt/tracker_plus/build/buff_interfaces' returned '0': CMAKE_PREFIX_PATH=/opt/ros/humble /usr/bin/cmake --install /home/hdm/tracker_plus_ttttt/tracker_plus/build/buff_interfaces
