[0.014s] Invoking command in '/home/hdm/tracker_plus_ttttt/tracker_plus/build/rm_gimbal_description': CMAKE_PREFIX_PATH=/opt/ros/humble /usr/bin/cmake /home/hdm/tracker_plus_ttttt/tracker_plus/src/rm_gimbal_description -DAMENT_CMAKE_SYMLINK_INSTALL=1 -DCMAKE_INSTALL_PREFIX=/home/hdm/tracker_plus_ttttt/tracker_plus/install/rm_gimbal_description
[0.095s] -- The C compiler identification is GNU 11.4.0
[0.170s] -- The CXX compiler identification is GNU 11.4.0
[0.177s] -- Detecting C compiler ABI info
[0.235s] -- Detecting C compiler ABI info - done
[0.241s] -- Check for working C compiler: /usr/bin/cc - skipped
[0.241s] -- Detecting C compile features
[0.241s] -- Detecting C compile features - done
[0.244s] -- Detecting CXX compiler ABI info
[0.312s] -- Detecting CXX compiler ABI info - done
[0.319s] -- Check for working CXX compiler: /usr/bin/c++ - skipped
[0.319s] -- Detecting CXX compile features
[0.319s] -- Detecting CXX compile features - done
[0.324s] -- Found ament_cmake: 1.3.11 (/opt/ros/humble/share/ament_cmake/cmake)
[0.460s] -- Found Python3: /usr/bin/python3 (found version "3.10.12") found components: Interpreter 
[0.517s] -- Override CMake install command with custom implementation using symlinks instead of copying resources
[0.542s] -- Found ament_lint_auto: 0.12.11 (/opt/ros/humble/share/ament_lint_auto/cmake)
[0.606s] -- Added test 'lint_cmake' to check CMake code style
[0.607s] -- Added test 'xmllint' to check XML markup files
[0.608s] -- Configuring done
[0.610s] -- Generating done
[0.611s] -- Build files have been written to: /home/hdm/tracker_plus_ttttt/tracker_plus/build/rm_gimbal_description
[0.615s] Invoked command in '/home/hdm/tracker_plus_ttttt/tracker_plus/build/rm_gimbal_description' returned '0': CMAKE_PREFIX_PATH=/opt/ros/humble /usr/bin/cmake /home/hdm/tracker_plus_ttttt/tracker_plus/src/rm_gimbal_description -DAMENT_CMAKE_SYMLINK_INSTALL=1 -DCMAKE_INSTALL_PREFIX=/home/hdm/tracker_plus_ttttt/tracker_plus/install/rm_gimbal_description
[0.617s] Invoking command in '/home/hdm/tracker_plus_ttttt/tracker_plus/build/rm_gimbal_description': CMAKE_PREFIX_PATH=/opt/ros/humble /usr/bin/cmake --build /home/hdm/tracker_plus_ttttt/tracker_plus/build/rm_gimbal_description -- -j24 -l24
[0.650s] Invoked command in '/home/hdm/tracker_plus_ttttt/tracker_plus/build/rm_gimbal_description' returned '0': CMAKE_PREFIX_PATH=/opt/ros/humble /usr/bin/cmake --build /home/hdm/tracker_plus_ttttt/tracker_plus/build/rm_gimbal_description -- -j24 -l24
[0.660s] Invoking command in '/home/hdm/tracker_plus_ttttt/tracker_plus/build/rm_gimbal_description': CMAKE_PREFIX_PATH=/opt/ros/humble /usr/bin/cmake --install /home/hdm/tracker_plus_ttttt/tracker_plus/build/rm_gimbal_description
[0.668s] -- Install configuration: ""
[0.668s] -- Execute custom install script
[0.668s] -- Symlinking: /home/hdm/tracker_plus_ttttt/tracker_plus/install/rm_gimbal_description/share/rm_gimbal_description/urdf/rm_gimbal.urdf.xacro
[0.675s] -- Symlinking: /home/hdm/tracker_plus_ttttt/tracker_plus/install/rm_gimbal_description/share/rm_gimbal_description/urdf/sentry.urdf.xacro
[0.682s] -- Symlinking: /home/hdm/tracker_plus_ttttt/tracker_plus/install/rm_gimbal_description/share/ament_index/resource_index/package_run_dependencies/rm_gimbal_description
[0.688s] -- Symlinking: /home/hdm/tracker_plus_ttttt/tracker_plus/install/rm_gimbal_description/share/ament_index/resource_index/parent_prefix_path/rm_gimbal_description
[0.695s] -- Symlinking: /home/hdm/tracker_plus_ttttt/tracker_plus/install/rm_gimbal_description/share/rm_gimbal_description/environment/ament_prefix_path.sh
[0.701s] -- Symlinking: /home/hdm/tracker_plus_ttttt/tracker_plus/install/rm_gimbal_description/share/rm_gimbal_description/environment/ament_prefix_path.dsv
[0.709s] -- Symlinking: /home/hdm/tracker_plus_ttttt/tracker_plus/install/rm_gimbal_description/share/rm_gimbal_description/environment/path.sh
[0.715s] -- Symlinking: /home/hdm/tracker_plus_ttttt/tracker_plus/install/rm_gimbal_description/share/rm_gimbal_description/environment/path.dsv
[0.721s] -- Symlinking: /home/hdm/tracker_plus_ttttt/tracker_plus/install/rm_gimbal_description/share/rm_gimbal_description/local_setup.bash
[0.730s] -- Symlinking: /home/hdm/tracker_plus_ttttt/tracker_plus/install/rm_gimbal_description/share/rm_gimbal_description/local_setup.sh
[0.740s] -- Symlinking: /home/hdm/tracker_plus_ttttt/tracker_plus/install/rm_gimbal_description/share/rm_gimbal_description/local_setup.zsh
[0.750s] -- Symlinking: /home/hdm/tracker_plus_ttttt/tracker_plus/install/rm_gimbal_description/share/rm_gimbal_description/local_setup.dsv
[0.759s] -- Symlinking: /home/hdm/tracker_plus_ttttt/tracker_plus/install/rm_gimbal_description/share/rm_gimbal_description/package.dsv
[0.768s] -- Symlinking: /home/hdm/tracker_plus_ttttt/tracker_plus/install/rm_gimbal_description/share/ament_index/resource_index/packages/rm_gimbal_description
[0.774s] -- Symlinking: /home/hdm/tracker_plus_ttttt/tracker_plus/install/rm_gimbal_description/share/rm_gimbal_description/cmake/rm_gimbal_descriptionConfig.cmake
[0.781s] -- Symlinking: /home/hdm/tracker_plus_ttttt/tracker_plus/install/rm_gimbal_description/share/rm_gimbal_description/cmake/rm_gimbal_descriptionConfig-version.cmake
[0.788s] -- Symlinking: /home/hdm/tracker_plus_ttttt/tracker_plus/install/rm_gimbal_description/share/rm_gimbal_description/package.xml
[0.799s] Invoked command in '/home/hdm/tracker_plus_ttttt/tracker_plus/build/rm_gimbal_description' returned '0': CMAKE_PREFIX_PATH=/opt/ros/humble /usr/bin/cmake --install /home/hdm/tracker_plus_ttttt/tracker_plus/build/rm_gimbal_description
