[0.016s] Invoking command in '/home/hdm/tracker_plus_ttttt/tracker_plus/build/rm_auto_record': CMAKE_PREFIX_PATH=/opt/ros/humble /usr/bin/cmake /home/hdm/tracker_plus_ttttt/tracker_plus/src/rm_auto_record -DAMENT_CMAKE_SYMLINK_INSTALL=1 -DCMAKE_INSTALL_PREFIX=/home/hdm/tracker_plus_ttttt/tracker_plus/install/rm_auto_record
[0.093s] -- The C compiler identification is GNU 11.4.0
[0.163s] -- The CXX compiler identification is GNU 11.4.0
[0.169s] -- Detecting C compiler ABI info
[0.232s] -- Detecting C compiler ABI info - done
[0.239s] -- Check for working C compiler: /usr/bin/cc - skipped
[0.239s] -- Detecting C compile features
[0.239s] -- Detecting C compile features - done
[0.242s] -- Detecting CXX compiler ABI info
[0.314s] -- Detecting CXX compiler ABI info - done
[0.321s] -- Check for working CXX compiler: /usr/bin/c++ - skipped
[0.321s] -- Detecting CXX compile features
[0.322s] -- Detecting CXX compile features - done
[0.323s] -- Found ament_cmake_auto: 1.3.11 (/opt/ros/humble/share/ament_cmake_auto/cmake)
[0.452s] -- Found Python3: /usr/bin/python3 (found version "3.10.12") found components: Interpreter 
[0.512s] -- Override CMake install command with custom implementation using symlinks instead of copying resources
[0.622s] -- Found rosidl_generator_c: 3.1.6 (/opt/ros/humble/share/rosidl_generator_c/cmake)
[0.625s] -- Found rosidl_adapter: 3.1.6 (/opt/ros/humble/share/rosidl_adapter/cmake)
[0.631s] -- Found rosidl_generator_cpp: 3.1.6 (/opt/ros/humble/share/rosidl_generator_cpp/cmake)
[0.640s] -- Using all available rosidl_typesupport_c: rosidl_typesupport_fastrtps_c;rosidl_typesupport_introspection_c
[0.651s] -- Using all available rosidl_typesupport_cpp: rosidl_typesupport_fastrtps_cpp;rosidl_typesupport_introspection_cpp
[0.689s] -- Found rmw_implementation_cmake: 6.1.2 (/opt/ros/humble/share/rmw_implementation_cmake/cmake)
[0.691s] -- Found rmw_fastrtps_cpp: 6.2.7 (/opt/ros/humble/share/rmw_fastrtps_cpp/cmake)
[0.773s] -- Found OpenSSL: /usr/lib/x86_64-linux-gnu/libcrypto.so (found version "3.0.2")  
[0.793s] -- Found FastRTPS: /opt/ros/humble/include  
[0.826s] -- Using RMW implementation 'rmw_fastrtps_cpp' as default
[0.834s] -- Looking for pthread.h
[0.895s] -- Looking for pthread.h - found
[0.895s] -- Performing Test CMAKE_HAVE_LIBC_PTHREAD
[0.963s] -- Performing Test CMAKE_HAVE_LIBC_PTHREAD - Success
[0.965s] -- Found Threads: TRUE  
[1.083s] -- Found ament_lint_auto: 0.12.11 (/opt/ros/humble/share/ament_lint_auto/cmake)
[1.099s] -- Added test 'cppcheck' to perform static code analysis on C / C++ code
[1.099s] -- Configured cppcheck include dirs: /home/hdm/tracker_plus_ttttt/tracker_plus/src/rm_auto_record/include
[1.099s] -- Configured cppcheck exclude dirs and/or files: 
[1.100s] -- Added test 'cpplint' to check C / C++ code against the Google style
[1.100s] -- Configured cpplint exclude dirs and/or files: 
[1.100s] -- Added test 'flake8' to check Python code syntax and style conventions
[1.100s] -- Added test 'lint_cmake' to check CMake code style
[1.101s] -- Added test 'pep257' to check Python code against some of the docstring style conventions in PEP 257
[1.101s] -- Added test 'xmllint' to check XML markup files
[1.104s] -- Configuring done
[1.115s] -- Generating done
[1.119s] -- Build files have been written to: /home/hdm/tracker_plus_ttttt/tracker_plus/build/rm_auto_record
[1.128s] Invoked command in '/home/hdm/tracker_plus_ttttt/tracker_plus/build/rm_auto_record' returned '0': CMAKE_PREFIX_PATH=/opt/ros/humble /usr/bin/cmake /home/hdm/tracker_plus_ttttt/tracker_plus/src/rm_auto_record -DAMENT_CMAKE_SYMLINK_INSTALL=1 -DCMAKE_INSTALL_PREFIX=/home/hdm/tracker_plus_ttttt/tracker_plus/install/rm_auto_record
[1.128s] Invoking command in '/home/hdm/tracker_plus_ttttt/tracker_plus/build/rm_auto_record': CMAKE_PREFIX_PATH=/opt/ros/humble /usr/bin/cmake --build /home/hdm/tracker_plus_ttttt/tracker_plus/build/rm_auto_record -- -j24 -l24
[1.173s] [ 25%] [32mBuilding CXX object CMakeFiles/rm_auto_record_node.dir/rclcpp_components/node_main_rm_auto_record_node.cpp.o[0m
[1.173s] [ 50%] [32mBuilding CXX object CMakeFiles/rm_auto_record.dir/src/record_node.cpp.o[0m
[6.267s] [ 75%] [32m[1mLinking CXX executable rm_auto_record_node[0m
[6.532s] [ 75%] Built target rm_auto_record_node
[15.730s] [100%] [32m[1mLinking CXX shared library librm_auto_record.so[0m
[17.078s] [100%] Built target rm_auto_record
[17.095s] Invoked command in '/home/hdm/tracker_plus_ttttt/tracker_plus/build/rm_auto_record' returned '0': CMAKE_PREFIX_PATH=/opt/ros/humble /usr/bin/cmake --build /home/hdm/tracker_plus_ttttt/tracker_plus/build/rm_auto_record -- -j24 -l24
[17.097s] Invoking command in '/home/hdm/tracker_plus_ttttt/tracker_plus/build/rm_auto_record': CMAKE_PREFIX_PATH=/opt/ros/humble /usr/bin/cmake --install /home/hdm/tracker_plus_ttttt/tracker_plus/build/rm_auto_record
[17.108s] -- Install configuration: ""
[17.109s] -- Execute custom install script
[17.109s] -- Symlinking: /home/hdm/tracker_plus_ttttt/tracker_plus/install/rm_auto_record/lib/rm_auto_record/rm_auto_record_node
[17.122s] -- Symlinking: /home/hdm/tracker_plus_ttttt/tracker_plus/install/rm_auto_record/include/rm_auto_record/record_node.hpp
[17.135s] -- Symlinking: /home/hdm/tracker_plus_ttttt/tracker_plus/install/rm_auto_record/share/rm_auto_record/environment/library_path.sh
[17.147s] -- Symlinking: /home/hdm/tracker_plus_ttttt/tracker_plus/install/rm_auto_record/share/rm_auto_record/environment/library_path.dsv
[17.160s] -- Symlinking: /home/hdm/tracker_plus_ttttt/tracker_plus/install/rm_auto_record/lib/librm_auto_record.so
[17.173s] -- Symlinking: /home/hdm/tracker_plus_ttttt/tracker_plus/install/rm_auto_record/share/rm_auto_record/config/node_params.yaml
[17.186s] -- Symlinking: /home/hdm/tracker_plus_ttttt/tracker_plus/install/rm_auto_record/share/rm_auto_record/launch/auto_record.launch.py
[17.198s] -- Symlinking: /home/hdm/tracker_plus_ttttt/tracker_plus/install/rm_auto_record/share/ament_index/resource_index/package_run_dependencies/rm_auto_record
[17.211s] -- Symlinking: /home/hdm/tracker_plus_ttttt/tracker_plus/install/rm_auto_record/share/ament_index/resource_index/parent_prefix_path/rm_auto_record
[17.223s] -- Symlinking: /home/hdm/tracker_plus_ttttt/tracker_plus/install/rm_auto_record/share/rm_auto_record/environment/ament_prefix_path.sh
[17.236s] -- Symlinking: /home/hdm/tracker_plus_ttttt/tracker_plus/install/rm_auto_record/share/rm_auto_record/environment/ament_prefix_path.dsv
[17.249s] -- Symlinking: /home/hdm/tracker_plus_ttttt/tracker_plus/install/rm_auto_record/share/rm_auto_record/environment/path.sh
[17.262s] -- Symlinking: /home/hdm/tracker_plus_ttttt/tracker_plus/install/rm_auto_record/share/rm_auto_record/environment/path.dsv
[17.275s] -- Symlinking: /home/hdm/tracker_plus_ttttt/tracker_plus/install/rm_auto_record/share/rm_auto_record/local_setup.bash
[17.287s] -- Symlinking: /home/hdm/tracker_plus_ttttt/tracker_plus/install/rm_auto_record/share/rm_auto_record/local_setup.sh
[17.299s] -- Symlinking: /home/hdm/tracker_plus_ttttt/tracker_plus/install/rm_auto_record/share/rm_auto_record/local_setup.zsh
[17.312s] -- Symlinking: /home/hdm/tracker_plus_ttttt/tracker_plus/install/rm_auto_record/share/rm_auto_record/local_setup.dsv
[17.325s] -- Symlinking: /home/hdm/tracker_plus_ttttt/tracker_plus/install/rm_auto_record/share/rm_auto_record/package.dsv
[17.338s] -- Symlinking: /home/hdm/tracker_plus_ttttt/tracker_plus/install/rm_auto_record/share/ament_index/resource_index/packages/rm_auto_record
[17.351s] -- Symlinking: /home/hdm/tracker_plus_ttttt/tracker_plus/install/rm_auto_record/share/ament_index/resource_index/rclcpp_components/rm_auto_record
[17.365s] -- Symlinking: /home/hdm/tracker_plus_ttttt/tracker_plus/install/rm_auto_record/share/rm_auto_record/cmake/ament_cmake_export_dependencies-extras.cmake
[17.378s] -- Symlinking: /home/hdm/tracker_plus_ttttt/tracker_plus/install/rm_auto_record/share/rm_auto_record/cmake/ament_cmake_export_include_directories-extras.cmake
[17.390s] -- Symlinking: /home/hdm/tracker_plus_ttttt/tracker_plus/install/rm_auto_record/share/rm_auto_record/cmake/ament_cmake_export_libraries-extras.cmake
[17.404s] -- Symlinking: /home/hdm/tracker_plus_ttttt/tracker_plus/install/rm_auto_record/share/rm_auto_record/cmake/rm_auto_recordConfig.cmake
[17.414s] -- Symlinking: /home/hdm/tracker_plus_ttttt/tracker_plus/install/rm_auto_record/share/rm_auto_record/cmake/rm_auto_recordConfig-version.cmake
[17.426s] -- Symlinking: /home/hdm/tracker_plus_ttttt/tracker_plus/install/rm_auto_record/share/rm_auto_record/package.xml
[17.440s] Invoked command in '/home/hdm/tracker_plus_ttttt/tracker_plus/build/rm_auto_record' returned '0': CMAKE_PREFIX_PATH=/opt/ros/humble /usr/bin/cmake --install /home/hdm/tracker_plus_ttttt/tracker_plus/build/rm_auto_record
